Component: ARM Compiler 5.06 update 5 (build 528) Tool: armlink [4d35e2]

==============================================================================

Section Cross References

    startup_stm32h723xx.o(RESET) refers to startup_stm32h723xx.o(STACK) for __initial_sp
    startup_stm32h723xx.o(RESET) refers to startup_stm32h723xx.o(.text) for Reset_Handler
    startup_stm32h723xx.o(RESET) refers to stm32h7xx_it.o(i.NMI_Handler) for NMI_Handler
    startup_stm32h723xx.o(RESET) refers to stm32h7xx_it.o(i.HardFault_Handler) for HardFault_Handler
    startup_stm32h723xx.o(RESET) refers to stm32h7xx_it.o(i.MemManage_Handler) for MemManage_Handler
    startup_stm32h723xx.o(RESET) refers to stm32h7xx_it.o(i.BusFault_Handler) for BusFault_Handler
    startup_stm32h723xx.o(RESET) refers to stm32h7xx_it.o(i.UsageFault_Handler) for UsageFault_Handler
    startup_stm32h723xx.o(RESET) refers to port.o(.emb_text) for SVC_Handler
    startup_stm32h723xx.o(RESET) refers to stm32h7xx_it.o(i.DebugMon_Handler) for DebugMon_Handler
    startup_stm32h723xx.o(RESET) refers to port.o(i.SysTick_Handler) for SysTick_Handler
    startup_stm32h723xx.o(RESET) refers to stm32h7xx_it.o(i.DMA1_Stream0_IRQHandler) for DMA1_Stream0_IRQHandler
    startup_stm32h723xx.o(RESET) refers to stm32h7xx_it.o(i.DMA1_Stream1_IRQHandler) for DMA1_Stream1_IRQHandler
    startup_stm32h723xx.o(RESET) refers to stm32h7xx_it.o(i.DMA1_Stream2_IRQHandler) for DMA1_Stream2_IRQHandler
    startup_stm32h723xx.o(RESET) refers to stm32h7xx_it.o(i.DMA1_Stream3_IRQHandler) for DMA1_Stream3_IRQHandler
    startup_stm32h723xx.o(RESET) refers to stm32h7xx_it.o(i.DMA1_Stream4_IRQHandler) for DMA1_Stream4_IRQHandler
    startup_stm32h723xx.o(RESET) refers to stm32h7xx_it.o(i.FDCAN1_IT0_IRQHandler) for FDCAN1_IT0_IRQHandler
    startup_stm32h723xx.o(RESET) refers to stm32h7xx_it.o(i.FDCAN2_IT0_IRQHandler) for FDCAN2_IT0_IRQHandler
    startup_stm32h723xx.o(RESET) refers to stm32h7xx_it.o(i.TIM2_IRQHandler) for TIM2_IRQHandler
    startup_stm32h723xx.o(RESET) refers to stm32h7xx_it.o(i.SPI2_IRQHandler) for SPI2_IRQHandler
    startup_stm32h723xx.o(RESET) refers to stm32h7xx_it.o(i.USART1_IRQHandler) for USART1_IRQHandler
    startup_stm32h723xx.o(RESET) refers to stm32h7xx_it.o(i.OTG_HS_IRQHandler) for OTG_HS_IRQHandler
    startup_stm32h723xx.o(RESET) refers to stm32h7xx_it.o(i.FDCAN3_IT0_IRQHandler) for FDCAN3_IT0_IRQHandler
    startup_stm32h723xx.o(.text) refers to system_stm32h7xx.o(i.SystemInit) for SystemInit
    startup_stm32h723xx.o(.text) refers to entry.o(.ARM.Collect$$$$00000000) for __main
    main.o(i.HAL_TIM_PeriodElapsedCallback) refers to stm32h7xx_hal.o(i.HAL_IncTick) for HAL_IncTick
    main.o(i.PeriphCommonClock_Config) refers to memseta.o(.text) for __aeabi_memclr4
    main.o(i.PeriphCommonClock_Config) refers to stm32h7xx_hal_rcc_ex.o(i.HAL_RCCEx_PeriphCLKConfig) for HAL_RCCEx_PeriphCLKConfig
    main.o(i.PeriphCommonClock_Config) refers to main.o(i.Error_Handler) for Error_Handler
    main.o(i.SystemClock_Config) refers to memseta.o(.text) for __aeabi_memclr4
    main.o(i.SystemClock_Config) refers to stm32h7xx_hal_pwr_ex.o(i.HAL_PWREx_ConfigSupply) for HAL_PWREx_ConfigSupply
    main.o(i.SystemClock_Config) refers to stm32h7xx_hal_rcc.o(i.HAL_RCC_OscConfig) for HAL_RCC_OscConfig
    main.o(i.SystemClock_Config) refers to main.o(i.Error_Handler) for Error_Handler
    main.o(i.SystemClock_Config) refers to stm32h7xx_hal_rcc.o(i.HAL_RCC_ClockConfig) for HAL_RCC_ClockConfig
    main.o(i.main) refers to stm32h7xx_hal.o(i.HAL_Init) for HAL_Init
    main.o(i.main) refers to main.o(i.SystemClock_Config) for SystemClock_Config
    main.o(i.main) refers to main.o(i.PeriphCommonClock_Config) for PeriphCommonClock_Config
    main.o(i.main) refers to gpio.o(i.MX_GPIO_Init) for MX_GPIO_Init
    main.o(i.main) refers to dma.o(i.MX_DMA_Init) for MX_DMA_Init
    main.o(i.main) refers to spi.o(i.MX_SPI2_Init) for MX_SPI2_Init
    main.o(i.main) refers to tim.o(i.MX_TIM3_Init) for MX_TIM3_Init
    main.o(i.main) refers to fdcan.o(i.MX_FDCAN3_Init) for MX_FDCAN3_Init
    main.o(i.main) refers to usart.o(i.MX_USART1_UART_Init) for MX_USART1_UART_Init
    main.o(i.main) refers to fdcan.o(i.MX_FDCAN1_Init) for MX_FDCAN1_Init
    main.o(i.main) refers to fdcan.o(i.MX_FDCAN2_Init) for MX_FDCAN2_Init
    main.o(i.main) refers to adc.o(i.MX_ADC1_Init) for MX_ADC1_Init
    main.o(i.main) refers to tim.o(i.MX_TIM12_Init) for MX_TIM12_Init
    main.o(i.main) refers to stm32h7xx_hal_tim.o(i.HAL_TIM_PWM_Stop) for HAL_TIM_PWM_Stop
    main.o(i.main) refers to bsp_dwt.o(i.DWT_Init) for DWT_Init
    main.o(i.main) refers to stm32h7xx_hal_tim.o(i.HAL_TIM_Base_Start_IT) for HAL_TIM_Base_Start_IT
    main.o(i.main) refers to stm32h7xx_hal_gpio.o(i.HAL_GPIO_WritePin) for HAL_GPIO_WritePin
    main.o(i.main) refers to can_bsp.o(i.FDCAN1_Config) for FDCAN1_Config
    main.o(i.main) refers to can_bsp.o(i.FDCAN2_Config) for FDCAN2_Config
[...]
    HAL_RCC_GetHCLKFreq                      0x080089fd   Thumb Code    60  stm32h7xx_hal_rcc.o(i.HAL_RCC_GetHCLKFreq)
    HAL_RCC_GetPCLK1Freq                     0x08008a49   Thumb Code    26  stm32h7xx_hal_rcc.o(i.HAL_RCC_GetPCLK1Freq)
    HAL_RCC_GetPCLK2Freq                     0x08008a6d   Thumb Code    26  stm32h7xx_hal_rcc.o(i.HAL_RCC_GetPCLK2Freq)
    HAL_RCC_GetSysClockFreq                  0x08008a91   Thumb Code   524  stm32h7xx_hal_rcc.o(i.HAL_RCC_GetSysClockFreq)
    HAL_RCC_OscConfig                        0x08008cbd   Thumb Code  1874  stm32h7xx_hal_rcc.o(i.HAL_RCC_OscConfig)
    HAL_SPI_ErrorCallback                    0x08009419   Thumb Code     2  stm32h7xx_hal_spi.o(i.HAL_SPI_ErrorCallback)
    HAL_SPI_IRQHandler                       0x0800941d   Thumb Code   654  stm32h7xx_hal_spi.o(i.HAL_SPI_IRQHandler)
    HAL_SPI_Init                             0x080096b1   Thumb Code   420  stm32h7xx_hal_spi.o(i.HAL_SPI_Init)
    HAL_SPI_MspInit                          0x08009861   Thumb Code   348  spi.o(i.HAL_SPI_MspInit)
    HAL_SPI_RxCpltCallback                   0x080099d9   Thumb Code     2  stm32h7xx_hal_spi.o(i.HAL_SPI_RxCpltCallback)
    HAL_SPI_SuspendCallback                  0x080099db   Thumb Code     2  stm32h7xx_hal_spi.o(i.HAL_SPI_SuspendCallback)
    HAL_SPI_TxCpltCallback                   0x080099dd   Thumb Code     2  stm32h7xx_hal_spi.o(i.HAL_SPI_TxCpltCallback)
    HAL_SPI_TxRxCpltCallback                 0x080099df   Thumb Code     2  stm32h7xx_hal_spi.o(i.HAL_SPI_TxRxCpltCallback)
    HAL_TIMEx_Break2Callback                 0x080099e1   Thumb Code     2  stm32h7xx_hal_tim_ex.o(i.HAL_TIMEx_Break2Callback)
    HAL_TIMEx_BreakCallback                  0x080099e3   Thumb Code     2  stm32h7xx_hal_tim_ex.o(i.HAL_TIMEx_BreakCallback)
    HAL_TIMEx_CommutCallback                 0x080099e5   Thumb Code     2  stm32h7xx_hal_tim_ex.o(i.HAL_TIMEx_CommutCallback)
    HAL_TIMEx_MasterConfigSynchronization    0x080099e9   Thumb Code   190  stm32h7xx_hal_tim_ex.o(i.HAL_TIMEx_MasterConfigSynchronization)
    HAL_TIM_Base_Init                        0x08009acd   Thumb Code   110  stm32h7xx_hal_tim.o(i.HAL_TIM_Base_Init)
    HAL_TIM_Base_MspInit                     0x08009b3b   Thumb Code     2  stm32h7xx_hal_tim.o(i.HAL_TIM_Base_MspInit)
    HAL_TIM_Base_Start_IT                    0x08009b3d   Thumb Code   162  stm32h7xx_hal_tim.o(i.HAL_TIM_Base_Start_IT)
    HAL_TIM_IC_CaptureCallback               0x08009c09   Thumb Code     2  stm32h7xx_hal_tim.o(i.HAL_TIM_IC_CaptureCallback)
    HAL_TIM_IRQHandler                       0x08009c0b   Thumb Code   408  stm32h7xx_hal_tim.o(i.HAL_TIM_IRQHandler)
    HAL_TIM_MspPostInit                      0x08009da5   Thumb Code   144  tim.o(i.HAL_TIM_MspPostInit)
    HAL_TIM_OC_DelayElapsedCallback          0x08009e45   Thumb Code     2  stm32h7xx_hal_tim.o(i.HAL_TIM_OC_DelayElapsedCallback)
    HAL_TIM_PWM_ConfigChannel                0x08009e47   Thumb Code   368  stm32h7xx_hal_tim.o(i.HAL_TIM_PWM_ConfigChannel)
    HAL_TIM_PWM_Init                         0x08009fb7   Thumb Code   110  stm32h7xx_hal_tim.o(i.HAL_TIM_PWM_Init)
    HAL_TIM_PWM_MspInit                      0x0800a025   Thumb Code    76  tim.o(i.HAL_TIM_PWM_MspInit)
    HAL_TIM_PWM_PulseFinishedCallback        0x0800a07d   Thumb Code     2  stm32h7xx_hal_tim.o(i.HAL_TIM_PWM_PulseFinishedCallback)
    HAL_TIM_PWM_Start                        0x0800a081   Thumb Code   330  stm32h7xx_hal_tim.o(i.HAL_TIM_PWM_Start)
    HAL_TIM_PWM_Stop                         0x0800a1fd   Thumb Code   208  stm32h7xx_hal_tim.o(i.HAL_TIM_PWM_Stop)
    HAL_TIM_PeriodElapsedCallback            0x0800a2e1   Thumb Code    18  main.o(i.HAL_TIM_PeriodElapsedCallback)
    HAL_TIM_TriggerCallback                  0x0800a2f3   Thumb Code     2  stm32h7xx_hal_tim.o(i.HAL_TIM_TriggerCallback)
    HAL_UARTEx_DisableFifoMode               0x0800a2f5   Thumb Code    78  stm32h7xx_hal_uart_ex.o(i.HAL_UARTEx_DisableFifoMode)
    HAL_UARTEx_ReceiveToIdle_DMA             0x0800a343   Thumb Code    98  stm32h7xx_hal_uart_ex.o(i.HAL_UARTEx_ReceiveToIdle_DMA)
    HAL_UARTEx_RxEventCallback               0x0800a3a5   Thumb Code     2  bsp_usart1.o(i.HAL_UARTEx_RxEventCallback)
    HAL_UARTEx_RxFifoFullCallback            0x0800a3a7   Thumb Code     2  stm32h7xx_hal_uart_ex.o(i.HAL_UARTEx_RxFifoFullCallback)
    HAL_UARTEx_SetRxFifoThreshold            0x0800a3a9   Thumb Code    94  stm32h7xx_hal_uart_ex.o(i.HAL_UARTEx_SetRxFifoThreshold)
    HAL_UARTEx_SetTxFifoThreshold            0x0800a407   Thumb Code    94  stm32h7xx_hal_uart_ex.o(i.HAL_UARTEx_SetTxFifoThreshold)
    HAL_UARTEx_TxFifoEmptyCallback           0x0800a465   Thumb Code     2  stm32h7xx_hal_uart_ex.o(i.HAL_UARTEx_TxFifoEmptyCallback)
    HAL_UARTEx_WakeupCallback                0x0800a467   Thumb Code     2  stm32h7xx_hal_uart_ex.o(i.HAL_UARTEx_WakeupCallback)
    HAL_UART_ErrorCallback                   0x0800a469   Thumb Code     2  stm32h7xx_hal_uart.o(i.HAL_UART_ErrorCallback)
    HAL_UART_IRQHandler                      0x0800a46d   Thumb Code  1172  stm32h7xx_hal_uart.o(i.HAL_UART_IRQHandler)
    HAL_UART_Init                            0x0800a901   Thumb Code   120  stm32h7xx_hal_uart.o(i.HAL_UART_Init)
    HAL_UART_MspInit                         0x0800a979   Thumb Code   278  usart.o(i.HAL_UART_MspInit)
    HAL_UART_RxCpltCallback                  0x0800aaa9   Thumb Code     2  stm32h7xx_hal_uart.o(i.HAL_UART_RxCpltCallback)
    HAL_UART_RxHalfCpltCallback              0x0800aaab   Thumb Code     2  stm32h7xx_hal_uart.o(i.HAL_UART_RxHalfCpltCallback)
    HAL_UART_TxCpltCallback                  0x0800aaad   Thumb Code     2  stm32h7xx_hal_uart.o(i.HAL_UART_TxCpltCallback)
    HardFault_Handler                        0x0800aaaf   Thumb Code     4  stm32h7xx_it.o(i.HardFault_Handler)
    MX_ADC1_Init                             0x0800abe9   Thumb Code   180  adc.o(i.MX_ADC1_Init)
    MX_DMA_Init                              0x0800aca9   Thumb Code   112  dma.o(i.MX_DMA_Init)
    MX_FDCAN1_Init                           0x0800ad1d   Thumb Code   126  fdcan.o(i.MX_FDCAN1_Init)
    MX_FDCAN2_Init                           0x0800ada5   Thumb Code   128  fdcan.o(i.MX_FDCAN2_Init)
    MX_FDCAN3_Init                           0x0800ae2d   Thumb Code   128  fdcan.o(i.MX_FDCAN3_Init)
    MX_FREERTOS_Init                         0x0800aeb5   Thumb Code   150  freertos.o(i.MX_FREERTOS_Init)
    MX_GPIO_Init                             0x0800af69   Thumb Code   356  gpio.o(i.MX_GPIO_Init)
    MX_SPI2_Init                             0x0800b0dd   Thumb Code    90  spi.o(i.MX_SPI2_Init)
    MX_TIM12_Init                            0x0800b141   Thumb Code   120  tim.o(i.MX_TIM12_Init)
    MX_TIM3_Init                             0x0800b1c1   Thumb Code   118  tim.o(i.MX_TIM3_Init)
    MX_USART1_UART_Init                      0x0800b241   Thumb Code    98  usart.o(i.MX_USART1_UART_Init)
    MX_USB_DEVICE_Init                       0x0800b2ad   Thumb Code    64  usb_device.o(i.MX_USB_DEVICE_Init)
    MemManage_Handler                        0x0800b2fd   Thumb Code     4  stm32h7xx_it.o(i.MemManage_Handler)
    NMI_Handler                              0x0800b301   Thumb Code     4  stm32h7xx_it.o(i.NMI_Handler)
    OTG_HS_IRQHandler                        0x0800b305   Thumb Code    10  stm32h7xx_it.o(i.OTG_HS_IRQHandler)
    PeriphCommonClock_Config                 0x0800b573   Thumb Code    72  main.o(i.PeriphCommonClock_Config)
    SPI2_IRQHandler                          0x0800b885   Thumb Code    10  stm32h7xx_it.o(i.SPI2_IRQHandler)
    StartDefaultTask                         0x0800b9b3   Thumb Code    14  freertos.o(i.StartDefaultTask)
    SysTick_Handler                          0x0800b9c1   Thumb Code    46  port.o(i.SysTick_Handler)
    SystemClock_Config                       0x0800b9f5   Thumb Code   182  main.o(i.SystemClock_Config)
    SystemInit                               0x0800bab1   Thumb Code   192  system_stm32h7xx.o(i.SystemInit)
    TIM2_IRQHandler                          0x0800bb91   Thumb Code    10  stm32h7xx_it.o(i.TIM2_IRQHandler)
    TIM_Base_SetConfig                       0x0800bba1   Thumb Code   198  stm32h7xx_hal_tim.o(i.TIM_Base_SetConfig)
    TIM_CCxChannelCmd                        0x0800bc91   Thumb Code    34  stm32h7xx_hal_tim.o(i.TIM_CCxChannelCmd)
    TIM_OC2_SetConfig                        0x0800bd61   Thumb Code   156  stm32h7xx_hal_tim.o(i.TIM_OC2_SetConfig)
    UART_AdvFeatureConfig                    0x0800c075   Thumb Code   248  stm32h7xx_hal_uart.o(i.UART_AdvFeatureConfig)
    UART_CheckIdleState                      0x0800c16d   Thumb Code   234  stm32h7xx_hal_uart.o(i.UART_CheckIdleState)
    UART_SetConfig                           0x0800c47d   Thumb Code  1558  stm32h7xx_hal_uart.o(i.UART_SetConfig)
    UART_Start_Receive_DMA                   0x0800caa5   Thumb Code   186  stm32h7xx_hal_uart.o(i.UART_Start_Receive_DMA)
    UART_WaitOnFlagUntilTimeout              0x0800cb6d   Thumb Code   172  stm32h7xx_hal_uart.o(i.UART_WaitOnFlagUntilTimeout)
    USART1_IRQHandler                        0x0800cc19   Thumb Code    20  stm32h7xx_it.o(i.USART1_IRQHandler)
    USBD_CDC_GetDeviceQualifierDescriptor    0x0800ce65   Thumb Code    10  usbd_cdc.o(i.USBD_CDC_GetDeviceQualifierDescriptor)
    USBD_CDC_ReceivePacket                   0x0800d0e5   Thumb Code    74  usbd_cdc.o(i.USBD_CDC_ReceivePacket)
    USBD_CDC_RegisterInterface               0x0800d135   Thumb Code    24  usbd_cdc.o(i.USBD_CDC_RegisterInterface)
    USBD_CDC_SetRxBuffer                     0x0800d14d   Thumb Code    30  usbd_cdc.o(i.USBD_CDC_SetRxBuffer)
    USBD_CDC_SetTxBuffer                     0x0800d16b   Thumb Code    36  usbd_cdc.o(i.USBD_CDC_SetTxBuffer)
    USBD_CDC_TransmitPacket                  0x0800d2d1   Thumb Code    86  usbd_cdc.o(i.USBD_CDC_TransmitPacket)
    USBD_ClrClassConfig                      0x0800d32d   Thumb Code    28  usbd_core.o(i.USBD_ClrClassConfig)
    USBD_CoreFindEP                          0x0800d387   Thumb Code     6  usbd_core.o(i.USBD_CoreFindEP)
    USBD_CoreFindIF                          0x0800d38d   Thumb Code     6  usbd_core.o(i.USBD_CoreFindIF)
    USBD_CtlContinueRx                       0x0800d393   Thumb Code    24  usbd_ioreq.o(i.USBD_CtlContinueRx)
    USBD_CtlContinueSendData                 0x0800d3ab   Thumb Code    24  usbd_ioreq.o(i.USBD_CtlContinueSendData)
    USBD_CtlError                            0x0800d3c3   Thumb Code    24  usbd_ctlreq.o(i.USBD_CtlError)
    USBD_CtlPrepareRx                        0x0800d3db   Thumb Code    40  usbd_ioreq.o(i.USBD_CtlPrepareRx)
    USBD_CtlReceiveStatus                    0x0800d403   Thumb Code    26  usbd_ioreq.o(i.USBD_CtlReceiveStatus)
    USBD_CtlSendData                         0x0800d41d   Thumb Code    34  usbd_ioreq.o(i.USBD_CtlSendData)
    USBD_CtlSendStatus                       0x0800d43f   Thumb Code    26  usbd_ioreq.o(i.USBD_CtlSendStatus)
    USBD_GetEpDesc                           0x0800d6e1   Thumb Code    80  usbd_core.o(i.USBD_GetEpDesc)
    USBD_GetNextDesc                         0x0800d747   Thumb Code    20  usbd_core.o(i.USBD_GetNextDesc)
    USBD_GetString                           0x0800d7b5   Thumb Code   104  usbd_ctlreq.o(i.USBD_GetString)
    USBD_Get_USB_Status                      0x0800d81d   Thumb Code    44  usbd_conf.o(i.USBD_Get_USB_Status)
    USBD_HS_ConfigStrDescriptor              0x0800d849   Thumb Code    34  usbd_desc.o(i.USBD_HS_ConfigStrDescriptor)
    USBD_HS_DeviceDescriptor                 0x0800d87d   Thumb Code    10  usbd_desc.o(i.USBD_HS_DeviceDescriptor)
    USBD_HS_InterfaceStrDescriptor           0x0800d88d   Thumb Code    34  usbd_desc.o(i.USBD_HS_InterfaceStrDescriptor)
    USBD_HS_LangIDStrDescriptor              0x0800d8c5   Thumb Code    10  usbd_desc.o(i.USBD_HS_LangIDStrDescriptor)
    USBD_HS_ManufacturerStrDescriptor        0x0800d8d5   Thumb Code    20  usbd_desc.o(i.USBD_HS_ManufacturerStrDescriptor)
    USBD_HS_ProductStrDescriptor             0x0800d901   Thumb Code    34  usbd_desc.o(i.USBD_HS_ProductStrDescriptor)
    USBD_HS_SerialStrDescriptor              0x0800d941   Thumb Code    18  usbd_desc.o(i.USBD_HS_SerialStrDescriptor)
    USBD_Init                                0x0800d959   Thumb Code    58  usbd_core.o(i.USBD_Init)
    USBD_LL_ClearStallEP                     0x0800d993   Thumb Code    38  usbd_conf.o(i.USBD_LL_ClearStallEP)
    USBD_LL_CloseEP                          0x0800d9b9   Thumb Code    38  usbd_conf.o(i.USBD_LL_CloseEP)
    USBD_LL_DataInStage                      0x0800d9df   Thumb Code   264  usbd_core.o(i.USBD_LL_DataInStage)
    USBD_LL_DataOutStage                     0x0800dae7   Thumb Code   258  usbd_core.o(i.USBD_LL_DataOutStage)
    USBD_LL_DevConnected                     0x0800dbe9   Thumb Code     6  usbd_core.o(i.USBD_LL_DevConnected)
    USBD_LL_DevDisconnected                  0x0800dbef   Thumb Code    38  usbd_core.o(i.USBD_LL_DevDisconnected)
    USBD_LL_GetRxDataSize                    0x0800dc15   Thumb Code    18  usbd_conf.o(i.USBD_LL_GetRxDataSize)
    USBD_LL_Init                             0x0800dc29   Thumb Code   104  usbd_conf.o(i.USBD_LL_Init)
    USBD_LL_IsStallEP                        0x0800dc99   Thumb Code    56  usbd_conf.o(i.USBD_LL_IsStallEP)
    USBD_LL_IsoINIncomplete                  0x0800dcd1   Thumb Code    72  usbd_core.o(i.USBD_LL_IsoINIncomplete)
    USBD_LL_IsoOUTIncomplete                 0x0800dd19   Thumb Code    72  usbd_core.o(i.USBD_LL_IsoOUTIncomplete)
    USBD_LL_OpenEP                           0x0800dd61   Thumb Code    48  usbd_conf.o(i.USBD_LL_OpenEP)
    USBD_LL_PrepareReceive                   0x0800dd91   Thumb Code    48  usbd_conf.o(i.USBD_LL_PrepareReceive)
    USBD_LL_Reset                            0x0800ddc1   Thumb Code   108  usbd_core.o(i.USBD_LL_Reset)
    USBD_LL_Resume                           0x0800de2d   Thumb Code    22  usbd_core.o(i.USBD_LL_Resume)
    USBD_LL_SOF                              0x0800de43   Thumb Code    40  usbd_core.o(i.USBD_LL_SOF)
    USBD_LL_SetSpeed                         0x0800de6b   Thumb Code     8  usbd_core.o(i.USBD_LL_SetSpeed)
    USBD_LL_SetUSBAddress                    0x0800de73   Thumb Code    38  usbd_conf.o(i.USBD_LL_SetUSBAddress)
    USBD_LL_SetupStage                       0x0800de99   Thumb Code   118  usbd_core.o(i.USBD_LL_SetupStage)
    USBD_LL_StallEP                          0x0800df0f   Thumb Code    38  usbd_conf.o(i.USBD_LL_StallEP)
    USBD_LL_Start                            0x0800df35   Thumb Code    30  usbd_conf.o(i.USBD_LL_Start)
    USBD_LL_Suspend                          0x0800df53   Thumb Code    28  usbd_core.o(i.USBD_LL_Suspend)
    USBD_LL_Transmit                         0x0800df6f   Thumb Code    48  usbd_conf.o(i.USBD_LL_Transmit)
    USBD_ParseSetupRequest                   0x0800df9f   Thumb Code    54  usbd_ctlreq.o(i.USBD_ParseSetupRequest)
    USBD_RegisterClass                       0x0800dfd5   Thumb Code    72  usbd_core.o(i.USBD_RegisterClass)
    USBD_RunTestMode                         0x0800e01d   Thumb Code     6  usbd_core.o(i.USBD_RunTestMode)
    USBD_SetClassConfig                      0x0800e07d   Thumb Code    32  usbd_core.o(i.USBD_SetClassConfig)
    USBD_Start                               0x0800e1d9   Thumb Code    12  usbd_core.o(i.USBD_Start)
    USBD_StdDevReq                           0x0800e1e5   Thumb Code   174  usbd_ctlreq.o(i.USBD_StdDevReq)
    USBD_StdEPReq                            0x0800e293   Thumb Code   640  usbd_ctlreq.o(i.USBD_StdEPReq)
    USBD_StdItfReq                           0x0800e513   Thumb Code   174  usbd_ctlreq.o(i.USBD_StdItfReq)
    USBD_static_free                         0x0800e5c1   Thumb Code     2  usbd_conf.o(i.USBD_static_free)
    USBD_static_malloc                       0x0800e5c5   Thumb Code     6  usbd_conf.o(i.USBD_static_malloc)
    USB_ActivateEndpoint                     0x0800e5d1   Thumb Code   202  stm32h7xx_ll_usb.o(i.USB_ActivateEndpoint)
    USB_ActivateSetup                        0x0800e6a1   Thumb Code    40  stm32h7xx_ll_usb.o(i.USB_ActivateSetup)
    USB_CoreInit                             0x0800e6c9   Thumb Code   150  stm32h7xx_ll_usb.o(i.USB_CoreInit)
    USB_DeactivateEndpoint                   0x0800e7bd   Thumb Code   318  stm32h7xx_ll_usb.o(i.USB_DeactivateEndpoint)
    USB_DevConnect                           0x0800e909   Thumb Code    36  stm32h7xx_ll_usb.o(i.USB_DevConnect)
    USB_DevDisconnect                        0x0800e92d   Thumb Code    36  stm32h7xx_ll_usb.o(i.USB_DevDisconnect)
    USB_DevInit                              0x0800e951   Thumb Code   472  stm32h7xx_ll_usb.o(i.USB_DevInit)
    USB_DisableGlobalInt                     0x0800eb31   Thumb Code    14  stm32h7xx_ll_usb.o(i.USB_DisableGlobalInt)
    USB_EP0_OutStart                         0x0800eb41   Thumb Code   106  stm32h7xx_ll_usb.o(i.USB_EP0_OutStart)
    USB_EPClearStall                         0x0800ebb1   Thumb Code   142  stm32h7xx_ll_usb.o(i.USB_EPClearStall)
    USB_EPSetStall                           0x0800ec3f   Thumb Code   154  stm32h7xx_ll_usb.o(i.USB_EPSetStall)
    USB_EPStartXfer                          0x0800ecd9   Thumb Code   944  stm32h7xx_ll_usb.o(i.USB_EPStartXfer)
    USB_EPStopXfer                           0x0800f08d   Thumb Code   236  stm32h7xx_ll_usb.o(i.USB_EPStopXfer)
    USB_EnableGlobalInt                      0x0800f179   Thumb Code    14  stm32h7xx_ll_usb.o(i.USB_EnableGlobalInt)
    USB_FlushRxFifo                          0x0800f187   Thumb Code    80  stm32h7xx_ll_usb.o(i.USB_FlushRxFifo)
    USB_FlushTxFifo                          0x0800f1d7   Thumb Code    84  stm32h7xx_ll_usb.o(i.USB_FlushTxFifo)
    USB_GetDevSpeed                          0x0800f22b   Thumb Code    38  stm32h7xx_ll_usb.o(i.USB_GetDevSpeed)
    USB_GetMode                              0x0800f251   Thumb Code    10  stm32h7xx_ll_usb.o(i.USB_GetMode)
    USB_ReadDevAllInEpInterrupt              0x0800f25b   Thumb Code    20  stm32h7xx_ll_usb.o(i.USB_ReadDevAllInEpInterrupt)
    USB_ReadDevAllOutEpInterrupt             0x0800f26f   Thumb Code    20  stm32h7xx_ll_usb.o(i.USB_ReadDevAllOutEpInterrupt)
    USB_ReadDevInEPInterrupt                 0x0800f283   Thumb Code    50  stm32h7xx_ll_usb.o(i.USB_ReadDevInEPInterrupt)
    USB_ReadDevOutEPInterrupt                0x0800f2b5   Thumb Code    26  stm32h7xx_ll_usb.o(i.USB_ReadDevOutEPInterrupt)
    USB_ReadInterrupts                       0x0800f2cf   Thumb Code    10  stm32h7xx_ll_usb.o(i.USB_ReadInterrupts)
    USB_ReadPacket                           0x0800f2d9   Thumb Code    96  stm32h7xx_ll_usb.o(i.USB_ReadPacket)
    USB_SetCurrentMode                       0x0800f339   Thumb Code   104  stm32h7xx_ll_usb.o(i.USB_SetCurrentMode)
    USB_SetDevAddress                        0x0800f3a1   Thumb Code    42  stm32h7xx_ll_usb.o(i.USB_SetDevAddress)
    USB_SetDevSpeed                          0x0800f3cb   Thumb Code    18  stm32h7xx_ll_usb.o(i.USB_SetDevSpeed)
    USB_SetTurnaroundTime                    0x0800f3dd   Thumb Code   192  stm32h7xx_ll_usb.o(i.USB_SetTurnaroundTime)
    USB_WritePacket                          0x0800f4c5   Thumb Code    68  stm32h7xx_ll_usb.o(i.USB_WritePacket)
    UsageFault_Handler                       0x0800f509   Thumb Code     4  stm32h7xx_it.o(i.UsageFault_Handler)
    VBUS_CheckTask                           0x0800f50d   Thumb Code     8  freertos.o(i.VBUS_CheckTask)
    VBUS_Check_task                          0x0800f515   Thumb Code   516  vbus_check.o(i.VBUS_Check_task)
    __scatterload_copy                       0x0800f791   Thumb Code    14  handlers.o(i.__scatterload_copy)
    __scatterload_null                       0x0800f79f   Thumb Code     2  handlers.o(i.__scatterload_null)
    __scatterload_zeroinit                   0x0800f7a1   Thumb Code    14  handlers.o(i.__scatterload_zeroinit)
    body_init                                0x0800f7b1   Thumb Code    50  body_task.o(i.body_init)
    canx_send_data                           0x0800f7e9   Thumb Code   122  can_bsp.o(i.canx_send_data)
    disable_motor_mode                       0x0800f863   Thumb Code    66  dm4310_drv.o(i.disable_motor_mode)
    dm4340_fbdata                            0x0800f8a5   Thumb Code   152  dm4310_drv.o(i.dm4340_fbdata)
    dm4340_fbdata_init                       0x0800f93d   Thumb Code   106  dm4310_drv.o(i.dm4340_fbdata_init)
    dm4340_fbdata_test                       0x0800f9b1   Thumb Code   170  dm4310_drv.o(i.dm4340_fbdata_test)
    dm6006_fbdata                            0x0800fa65   Thumb Code   152  dm4310_drv.o(i.dm6006_fbdata)
    dm6248p_fbdata_init                      0x0800fb05   Thumb Code   106  dm4310_drv.o(i.dm6248p_fbdata_init)
    enable_motor_mode                        0x0800fb89   Thumb Code    66  dm4310_drv.o(i.enable_motor_mode)
    float_to_uint                            0x0800fbcb   Thumb Code    50  dm4310_drv.o(i.float_to_uint)
    joint_motor_init                         0x0800fbfd   Thumb Code     6  dm4310_drv.o(i.joint_motor_init)
    main                                     0x0800fc05   Thumb Code   114  main.o(i.main)
    mit_ctrl2                                0x0800fc95   Thumb Code   232  dm4310_drv.o(i.mit_ctrl2)
    mit_ctrl3                                0x0800fd85   Thumb Code   232  dm4310_drv.o(i.mit_ctrl3)
    mit_ctrl_test                            0x0800fe7d   Thumb Code   136  dm4310_drv.o(i.mit_ctrl_test)
    osDelay                                  0x0800ff05   Thumb Code    24  cmsis_os.o(i.osDelay)
    osKernelStart                            0x0800ff1d   Thumb Code    10  cmsis_os.o(i.osKernelStart)
    osThreadCreate                           0x0800ff27   Thumb Code    48  cmsis_os.o(i.osThreadCreate)
    pvPortMalloc                             0x0801039d   Thumb Code   306  heap_4.o(i.pvPortMalloc)
    pxPortInitialiseStack                    0x080104e9   Thumb Code    38  port.o(i.pxPortInitialiseStack)
    save_motor_zero                          0x08010515   Thumb Code    66  dm4310_drv.o(i.save_motor_zero)
    slope_following                          0x08010557   Thumb Code   116  body_task.o(i.slope_following)
    uint_to_float                            0x080105cb   Thumb Code    52  dm4310_drv.o(i.uint_to_float)
    uxListRemove                             0x080105ff   Thumb Code    40  list.o(i.uxListRemove)
    vListInitialise                          0x08010627   Thumb Code    26  list.o(i.vListInitialise)
    vListInitialiseItem                      0x08010641   Thumb Code     6  list.o(i.vListInitialiseItem)
    vListInsert                              0x08010647   Thumb Code    52  list.o(i.vListInsert)
    vListInsertEnd                           0x0801067b   Thumb Code    24  list.o(i.vListInsertEnd)
    vPortEnterCritical                       0x08010695   Thumb Code    76  port.o(i.vPortEnterCritical)
    vPortExitCritical                        0x080106e9   Thumb Code    56  port.o(i.vPortExitCritical)
    vPortFree                                0x08010725   Thumb Code   150  heap_4.o(i.vPortFree)
    vPortSetupTimerInterrupt                 0x080107c9   Thumb Code    36  port.o(i.vPortSetupTimerInterrupt)
    vTaskDelay                               0x080107f1   Thumb Code    82  tasks.o(i.vTaskDelay)
    vTaskStartScheduler                      0x0801084d   Thumb Code   108  tasks.o(i.vTaskStartScheduler)
    vTaskSuspendAll                          0x080108d5   Thumb Code    12  tasks.o(i.vTaskSuspendAll)
    vTaskSwitchContext                       0x080108e5   Thumb Code   118  tasks.o(i.vTaskSwitchContext)
    xPortStartScheduler                      0x08010971   Thumb Code   330  port.o(i.xPortStartScheduler)
    xTaskCreate                              0x08010ad9   Thumb Code    96  tasks.o(i.xTaskCreate)
    xTaskIncrementTick                       0x08010b39   Thumb Code   282  tasks.o(i.xTaskIncrementTick)
    xTaskResumeAll                           0x08010c81   Thumb Code   224  tasks.o(i.xTaskResumeAll)
    UARTPrescTable                           0x08010e60   Data          24  stm32h7xx_hal_uart.o(.constdata)
    D1CorePrescTable                         0x08010e88   Data          16  system_stm32h7xx.o(.constdata)
    Region$$Table$$Base                      0x08010ef0   Number         0  anon$$obj.o(Region$$Table)
    Region$$Table$$Limit                     0x08010f10   Number         0  anon$$obj.o(Region$$Table)
    defaultTaskHandle                        0x24000000   Data           4  freertos.o(.data)
    CHASSISR_TASKHandle                      0x24000004   Data           4  freertos.o(.data)
    CHASSISL_TASKHandle                      0x24000008   Data           4  freertos.o(.data)
    CONNECT_TASKHandle                       0x2400000c   Data           4  freertos.o(.data)
    BODY_TASKHandle                          0x24000010   Data           4  freertos.o(.data)
    VBUS_CHECK_TASKHandle                    0x24000014   Data           4  freertos.o(.data)
    uwTick                                   0x2400001c   Data           4  stm32h7xx_hal.o(.data)
    uwTickPrio                               0x24000020   Data           4  stm32h7xx_hal.o(.data)
    uwTickFreq                               0x24000024   Data           1  stm32h7xx_hal.o(.data)
    SystemCoreClock                          0x24000028   Data           4  system_stm32h7xx.o(.data)
    SystemD2Clock                            0x2400002c   Data           4  system_stm32h7xx.o(.data)
    pxCurrentTCB                             0x24000030   Data           4  tasks.o(.data)
    CHASSL_TIME                              0x24000098   Data           4  chassisl_task.o(.data)
    my_kd                                    0x2400009c   Data           4  chassisl_task.o(.data)
    my_vel                                   0x240000a0   Data           4  chassisl_task.o(.data)
    my_kp                                    0x240000a4   Data           4  chassisl_task.o(.data)
    my_pos                                   0x240000a8   Data           4  chassisl_task.o(.data)
    b                                        0x240000ac   Data           4  chassisl_task.o(.data)
    CHASSR_TIME                              0x240000b0   Data           4  chassisr_task.o(.data)
    my_kd2                                   0x240000b4   Data           4  chassisr_task.o(.data)
    my_vel2                                  0x240000b8   Data           4  chassisr_task.o(.data)
    my_kp2                                   0x240000bc   Data           4  chassisr_task.o(.data)
    my_pos2                                  0x240000c0   Data           4  chassisr_task.o(.data)
    my_tor2                                  0x240000c4   Data           4  chassisr_task.o(.data)
    a                                        0x240000c8   Data           4  chassisr_task.o(.data)
    BODY_TIME                                0x240000cc   Data           4  body_task.o(.data)
    my_kd3                                   0x240000d0   Data           4  body_task.o(.data)
    my_kp3                                   0x240000d4   Data           4  body_task.o(.data)
    my_pos3                                  0x240000d8   Data           4  body_task.o(.data)
    my_pos3_set                              0x240000dc   Data           4  body_task.o(.data)
    c                                        0x240000e0   Data           4  body_task.o(.data)
    record_flag                              0x240000e4   Data           1  body_task.o(.data)
    OBSERVE_TIME                             0x240000e8   Data           4  connect_task.o(.data)
    loss_voltage                             0x240000f6   Data           1  vbus_check.o(.data)
    SysTime                                  0x240000f8   Data           8  bsp_dwt.o(.data)
    CYCCNT64                                 0x24000118   Data           8  bsp_dwt.o(.data)
    HS_Desc                                  0x24000138   Data          32  usbd_desc.o(.data)
    USBD_HS_DeviceDesc                       0x24000158   Data          18  usbd_desc.o(.data)
    USBD_HS_BOSDesc                          0x2400016c   Data          12  usbd_desc.o(.data)
    USBD_LangIDDesc                          0x24000178   Data           4  usbd_desc.o(.data)
    USBD_StringSerial                        0x2400017c   Data          26  usbd_desc.o(.data)
    USBD_Interface_fops_HS                   0x24000198   Data          20  usbd_cdc_if.o(.data)
    USBD_CDC                                 0x240001bc   Data          56  usbd_cdc.o(.data)
    hadc1                                    0x2400023c   Data         112  adc.o(.bss)
    hdma_adc1                                0x240002ac   Data         120  adc.o(.bss)
    hfdcan1                                  0x24000324   Data         160  fdcan.o(.bss)
    hfdcan2                                  0x240003c4   Data         160  fdcan.o(.bss)
    hfdcan3                                  0x24000464   Data         160  fdcan.o(.bss)
    hspi2                                    0x24000504   Data         136  spi.o(.bss)
    hdma_spi2_rx                             0x2400058c   Data         120  spi.o(.bss)
    hdma_spi2_tx                             0x24000604   Data         120  spi.o(.bss)
    htim3                                    0x2400067c   Data          76  tim.o(.bss)
    htim12                                   0x240006c8   Data          76  tim.o(.bss)
    huart1                                   0x24000714   Data         148  usart.o(.bss)
    hdma_usart1_rx                           0x240007a8   Data         120  usart.o(.bss)
    hdma_usart1_tx                           0x24000820   Data         120  usart.o(.bss)
    htim2                                    0x24000898   Data          76  stm32h7xx_hal_timebase_tim.o(.bss)
    chassis_move                             0x240081d4   Data        1348  chassisr_task.o(.bss)
    robot_body                               0x24008718   Data         868  body_task.o(.bss)
    fdcan_protocol_status                    0x24008a7c   Data          44  body_task.o(.bss)
    err_cnt                                  0x24008aa8   Data          16  body_task.o(.bss)
    RxHeader1                                0x24008ab8   Data          40  can_bsp.o(.bss)
    g_Can1RxData                             0x24008ae0   Data          64  can_bsp.o(.bss)
    RxHeader2                                0x24008b20   Data          40  can_bsp.o(.bss)
    g_Can2RxData                             0x24008b48   Data          64  can_bsp.o(.bss)
    RxHeader3                                0x24008b88   Data          40  can_bsp.o(.bss)
    g_Can3RxData                             0x24008bb0   Data          64  can_bsp.o(.bss)
    mybuff                                   0x24008bf0   Data          56  can_bsp.o(.bss)
    mybuff3                                  0x24008c28   Data          72  can_bsp.o(.bss)
    mybuff2                                  0x24008c70   Data          40  can_bsp.o(.bss)
    send_data                                0x24008c98   Data          72  bsp_usart1.o(.bss)
    send_data2                               0x24008ce0   Data          72  bsp_usart1.o(.bss)
    rev_data                                 0x24008d28   Data          11  bsp_usart1.o(.bss)
    hUsbDeviceHS                             0x24008d34   Data         732  usb_device.o(.bss)
    USBD_StrDesc                             0x24009010   Data         512  usbd_desc.o(.bss)
    UserRxBufferHS                           0x24009210   Data        2048  usbd_cdc_if.o(.bss)
    UserTxBufferHS                           0x24009a10   Data        2048  usbd_cdc_if.o(.bss)
    hpcd_USB_OTG_HS                          0x2400a210   Data        1252  usbd_conf.o(.bss)
    __initial_sp                             0x2400b118   Data           0  startup_stm32h723xx.o(STACK)



==============================================================================

Memory Map of the image

  Image Entry point : 0x080002cd

  Load Region LR_IROM1 (Base: 0x08000000, Size: 0x0001114c, Max: 0x00100000, ABSOLUTE, COMPRESSED[0x00010ff0])

    Execution Region ER_IROM1 (Exec base: 0x08000000, Load base: 0x08000000, Size: 0x00010f10, Max: 0x00100000, ABSOLUTE)

    Exec Addr    Load Addr    Size         Type   Attr      Idx    E Section Name        Object

    0x08000000   0x08000000   0x000002cc   Data   RO            3    RESET               startup_stm32h723xx.o
    0x080002cc   0x080002cc   0x00000000   Code   RO        10933  * .ARM.Collect$$$$00000000  mc_w.l(entry.o)
    0x080002cc   0x080002cc   0x00000004   Code   RO        10990    .ARM.Collect$$$$00000001  mc_w.l(entry2.o)
    0x080002d0   0x080002d0   0x00000004   Code   RO        10993    .ARM.Collect$$$$00000004  mc_w.l(entry5.o)
    0x080002d4   0x080002d4   0x00000000   Code   RO        10995    .ARM.Collect$$$$00000008  mc_w.l(entry7b.o)
    0x080002d4   0x080002d4   0x00000000   Code   RO        10997    .ARM.Collect$$$$0000000A  mc_w.l(entry8b.o)
    0x080002d4   0x080002d4   0x00000008   Code   RO        10998    .ARM.Collect$$$$0000000B  mc_w.l(entry9a.o)
    0x080002dc   0x080002dc   0x00000000   Code   RO        11000    .ARM.Collect$$$$0000000D  mc_w.l(entry10a.o)
    0x080002dc   0x080002dc   0x00000000   Code   RO        11002    .ARM.Collect$$$$0000000F  mc_w.l(entry11a.o)
    0x080002dc   0x080002dc   0x00000004   Code   RO        10991    .ARM.Collect$$$$00002712  mc_w.l(entry2.o)
    0x080002e0   0x080002e0   0x000000be   Code   RO         9214    .emb_text           port.o
    0x0800039e   0x0800039e   0x00000002   PAD
    0x080003a0   0x080003a0   0x00000024   Code   RO            4    .text               startup_stm32h723xx.o
    0x080003c4   0x080003c4   0x00000062   Code   RO        10936    .text               mc_w.l(uldiv.o)
    0x08000426   0x08000426   0x00000024   Code   RO        10938    .text               mc_w.l(memcpya.o)
    0x0800044a   0x0800044a   0x00000024   Code   RO        10942    .text               mc_w.l(memseta.o)
    0x0800046e   0x0800046e   0x0000001e   Code   RO        11004    .text               mc_w.l(llshl.o)
    0x0800048c   0x0800048c   0x00000020   Code   RO        11006    .text               mc_w.l(llushr.o)
    0x080004ac   0x080004ac   0x00000024   Code   RO        11018    .text               mc_w.l(init.o)
    0x080004d0   0x080004d0   0x00000056   Code   RO        11028    .text               mc_w.l(__dczerorl2.o)
    0x08000526   0x08000526   0x00000002   PAD
    0x08000528   0x08000528   0x00000130   Code   RO         4063    i.ADC_ConfigureBoostMode  stm32h7xx_hal_adc.o
    0x08000658   0x08000658   0x00000092   Code   RO         4065    i.ADC_DMAConvCplt   stm32h7xx_hal_adc.o
    0x080006ea   0x080006ea   0x0000001e   Code   RO         4066    i.ADC_DMAError      stm32h7xx_hal_adc.o
    0x08000708   0x08000708   0x0000000e   Code   RO         4067    i.ADC_DMAHalfConvCplt  stm32h7xx_hal_adc.o
    0x08000716   0x08000716   0x00000002   PAD
    0x08000718   0x08000718   0x00000094   Code   RO         4068    i.ADC_Disable       stm32h7xx_hal_adc.o
    0x080007ac   0x080007ac   0x000000cc   Code   RO         4069    i.ADC_Enable        stm32h7xx_hal_adc.o
    0x08000878   0x08000878   0x00000008   Code   RO          349    i.Body_Task         freertos.o
    0x08000880   0x08000880   0x000000f0   Code   RO         9374    i.Body_task         body_task.o
    0x08000970   0x08000970   0x00000004   Code   RO          731    i.BusFault_Handler  stm32h7xx_it.o
    0x08000974   0x08000974   0x00000044   Code   RO         9984    i.CDC_Control_HS    usbd_cdc_if.o
    0x080009b8   0x080009b8   0x00000004   Code   RO         9985    i.CDC_DeInit_HS     usbd_cdc_if.o
    0x080009bc   0x080009bc   0x00000024   Code   RO         9986    i.CDC_Init_HS       usbd_cdc_if.o
    0x080009e0   0x080009e0   0x00000198   Code   RO         9987    i.CDC_Receive_HS    usbd_cdc_if.o
    0x08000b78   0x08000b78   0x0000000c   Code   RO         9988    i.CDC_TransmitCplt_HS  usbd_cdc_if.o
    0x08000b84   0x08000b84   0x00000038   Code   RO         9989    i.CDC_Transmit_HS   usbd_cdc_if.o
    0x08000bbc   0x08000bbc   0x00000008   Code   RO          350    i.CONNECT_Task      freertos.o
    0x08000bc4   0x08000bc4   0x00000008   Code   RO          351    i.ChassisL_Task     freertos.o
    0x08000bcc   0x08000bcc   0x00000134   Code   RO         9294    i.ChassisL_init     chassisl_task.o
    0x08000d00   0x08000d00   0x000001c0   Code   RO         9295    i.ChassisL_task     chassisl_task.o
    0x08000ec0   0x08000ec0   0x00000008   Code   RO          352    i.ChassisR_Task     freertos.o
    0x08000ec8   0x08000ec8   0x00000140   Code   RO         9334    i.ChassisR_init     chassisr_task.o
    0x08001008   0x08001008   0x000001e4   Code   RO         9335    i.ChassisR_task     chassisr_task.o
    0x080011ec   0x080011ec   0x0000001a   Code   RO         9675    i.Check_Sum         bsp_usart1.o
    0x08001206   0x08001206   0x00000002   PAD
    0x08001208   0x08001208   0x000000c4   Code   RO         9421    i.Connect_task      connect_task.o
    0x080012cc   0x080012cc   0x00000010   Code   RO          732    i.DMA1_Stream0_IRQHandler  stm32h7xx_it.o
    0x080012dc   0x080012dc   0x00000010   Code   RO          733    i.DMA1_Stream1_IRQHandler  stm32h7xx_it.o
    0x080012ec   0x080012ec   0x00000010   Code   RO          734    i.DMA1_Stream2_IRQHandler  stm32h7xx_it.o
    0x080012fc   0x080012fc   0x00000010   Code   RO          735    i.DMA1_Stream3_IRQHandler  stm32h7xx_it.o
    0x0800130c   0x0800130c   0x00000010   Code   RO          736    i.DMA1_Stream4_IRQHandler  stm32h7xx_it.o
    0x0800131c   0x0800131c   0x000000ec   Code   RO         2264    i.DMA_CalcBaseAndBitshift  stm32h7xx_hal_dma.o
    0x08001408   0x08001408   0x000000c4   Code   RO         2265    i.DMA_CalcDMAMUXChannelBaseAndMask  stm32h7xx_hal_dma.o
    0x080014cc   0x080014cc   0x00000098   Code   RO         2266    i.DMA_CalcDMAMUXRequestGenBaseAndMask  stm32h7xx_hal_dma.o
    0x08001564   0x08001564   0x000000ae   Code   RO         2267    i.DMA_CheckFifoParam  stm32h7xx_hal_dma.o
    0x08001612   0x08001612   0x00000002   PAD
    0x08001614   0x08001614   0x00000274   Code   RO         2268    i.DMA_SetConfig     stm32h7xx_hal_dma.o
    0x08001888   0x08001888   0x00000068   Code   RO         9517    i.DWT_Init          bsp_dwt.o
    0x080018f0   0x080018f0   0x00000002   Code   RO          737    i.DebugMon_Handler  stm32h7xx_it.o
    0x080018f2   0x080018f2   0x00000006   Code   RO           13    i.Error_Handler     main.o
    0x080018f8   0x080018f8   0x000000a4   Code   RO         9587    i.FDCAN1_Config     can_bsp.o
    0x0800199c   0x0800199c   0x00000010   Code   RO          738    i.FDCAN1_IT0_IRQHandler  stm32h7xx_it.o
    0x080019ac   0x080019ac   0x00000060   Code   RO         9588    i.FDCAN2_Config     can_bsp.o
    0x08001a0c   0x08001a0c   0x00000010   Code   RO          739    i.FDCAN2_IT0_IRQHandler  stm32h7xx_it.o
    0x08001a1c   0x08001a1c   0x00000010   Code   RO          740    i.FDCAN3_IT0_IRQHandler  stm32h7xx_it.o
    0x08001a2c   0x08001a2c   0x00000220   Code   RO         4609    i.FDCAN_CalcultateRamBlockAddresses  stm32h7xx_hal_fdcan.o
    0x08001c4c   0x08001c4c   0x000000d0   Code   RO         4610    i.FDCAN_CopyMessageToRAM  stm32h7xx_hal_fdcan.o
    0x08001d1c   0x08001d1c   0x00000034   Code   RO         9888    i.Get_SerialNum     usbd_desc.o
    0x08001d50   0x08001d50   0x000000b8   Code   RO         4340    i.HAL_ADCEx_Calibration_Start  stm32h7xx_hal_adc_ex.o
    0x08001e08   0x08001e08   0x00000164   Code   RO         4360    i.HAL_ADCEx_MultiModeConfigChannel  stm32h7xx_hal_adc_ex.o
    0x08001f6c   0x08001f6c   0x00000790   Code   RO         4071    i.HAL_ADC_ConfigChannel  stm32h7xx_hal_adc.o
    0x080026fc   0x080026fc   0x00000002   Code   RO         4072    i.HAL_ADC_ConvCpltCallback  stm32h7xx_hal_adc.o
    0x080026fe   0x080026fe   0x00000002   Code   RO         4073    i.HAL_ADC_ConvHalfCpltCallback  stm32h7xx_hal_adc.o
    0x08002700   0x08002700   0x00000002   Code   RO         4075    i.HAL_ADC_ErrorCallback  stm32h7xx_hal_adc.o
    0x08002702   0x08002702   0x00000002   PAD
    0x08002704   0x08002704   0x00000340   Code   RO         4080    i.HAL_ADC_Init      stm32h7xx_hal_adc.o
    0x08002a44   0x08002a44   0x00000130   Code   RO          455    i.HAL_ADC_MspInit   adc.o
    0x08002b74   0x08002b74   0x00000170   Code   RO         4087    i.HAL_ADC_Start_DMA  stm32h7xx_hal_adc.o
    0x08002ce4   0x08002ce4   0x000004dc   Code   RO         2269    i.HAL_DMA_Abort     stm32h7xx_hal_dma.o
    0x080031c0   0x080031c0   0x00000398   Code   RO         2270    i.HAL_DMA_Abort_IT  stm32h7xx_hal_dma.o
    0x08003558   0x08003558   0x00000af8   Code   RO         2274    i.HAL_DMA_IRQHandler  stm32h7xx_hal_dma.o
    0x08004050   0x08004050   0x00000514   Code   RO         2275    i.HAL_DMA_Init      stm32h7xx_hal_dma.o
    0x08004564   0x08004564   0x000003e0   Code   RO         2279    i.HAL_DMA_Start_IT  stm32h7xx_hal_dma.o
    0x08004944   0x08004944   0x00000028   Code   RO         3124    i.HAL_Delay         stm32h7xx_hal.o
    0x0800496c   0x0800496c   0x000000a8   Code   RO         4612    i.HAL_FDCAN_ActivateNotification  stm32h7xx_hal_fdcan.o
    0x08004a14   0x08004a14   0x00000090   Code   RO         4614    i.HAL_FDCAN_AddMessageToTxFifoQ  stm32h7xx_hal_fdcan.o
    0x08004aa4   0x08004aa4   0x00000002   Code   RO         4615    i.HAL_FDCAN_ClockCalibrationCallback  stm32h7xx_hal_fdcan.o
    0x08004aa6   0x08004aa6   0x000000a8   Code   RO         4619    i.HAL_FDCAN_ConfigFilter  stm32h7xx_hal_fdcan.o
    0x08004b4e   0x08004b4e   0x00000034   Code   RO         4620    i.HAL_FDCAN_ConfigGlobalFilter  stm32h7xx_hal_fdcan.o
    0x08004b82   0x08004b82   0x00000002   Code   RO         4641    i.HAL_FDCAN_ErrorCallback  stm32h7xx_hal_fdcan.o
    0x08004b84   0x08004b84   0x00000002   Code   RO         4642    i.HAL_FDCAN_ErrorStatusCallback  stm32h7xx_hal_fdcan.o
    0x08004b86   0x08004b86   0x00000002   PAD
    0x08004b88   0x08004b88   0x000001f4   Code   RO         4653    i.HAL_FDCAN_GetRxMessage  stm32h7xx_hal_fdcan.o
    0x08004d7c   0x08004d7c   0x00000002   Code   RO         4659    i.HAL_FDCAN_HighPriorityMessageCallback  stm32h7xx_hal_fdcan.o
    0x08004d7e   0x08004d7e   0x00000002   PAD
    0x08004d80   0x08004d80   0x000003d4   Code   RO         4660    i.HAL_FDCAN_IRQHandler  stm32h7xx_hal_fdcan.o
    0x08005154   0x08005154   0x000002e0   Code   RO         4661    i.HAL_FDCAN_Init    stm32h7xx_hal_fdcan.o
    0x08005434   0x08005434   0x000001b4   Code   RO          521    i.HAL_FDCAN_MspInit  fdcan.o
    0x080055e8   0x080055e8   0x00000002   Code   RO         4670    i.HAL_FDCAN_RxBufferNewMessageCallback  stm32h7xx_hal_fdcan.o
    0x080055ea   0x080055ea   0x00000002   PAD
    0x080055ec   0x080055ec   0x000001b0   Code   RO         9589    i.HAL_FDCAN_RxFifo0Callback  can_bsp.o
    0x0800579c   0x0800579c   0x00000100   Code   RO         9590    i.HAL_FDCAN_RxFifo1Callback  can_bsp.o
    0x0800589c   0x0800589c   0x00000034   Code   RO         4673    i.HAL_FDCAN_Start   stm32h7xx_hal_fdcan.o
    0x080058d0   0x080058d0   0x00000002   Code   RO         4695    i.HAL_FDCAN_TT_GlobalTimeCallback  stm32h7xx_hal_fdcan.o
    0x080058d2   0x080058d2   0x00000002   Code   RO         4696    i.HAL_FDCAN_TT_ScheduleSyncCallback  stm32h7xx_hal_fdcan.o
    0x080058d4   0x080058d4   0x00000002   Code   RO         4701    i.HAL_FDCAN_TT_StopWatchCallback  stm32h7xx_hal_fdcan.o
    0x080058d6   0x080058d6   0x00000002   Code   RO         4702    i.HAL_FDCAN_TT_TimeMarkCallback  stm32h7xx_hal_fdcan.o
    0x080058d8   0x080058d8   0x00000002   Code   RO         4703    i.HAL_FDCAN_TimeoutOccurredCallback  stm32h7xx_hal_fdcan.o
    0x080058da   0x080058da   0x00000002   Code   RO         4704    i.HAL_FDCAN_TimestampWraparoundCallback  stm32h7xx_hal_fdcan.o
    0x080058dc   0x080058dc   0x00000002   Code   RO         4705    i.HAL_FDCAN_TxBufferAbortCallback  stm32h7xx_hal_fdcan.o
    0x080058de   0x080058de   0x00000002   Code   RO         4706    i.HAL_FDCAN_TxBufferCompleteCallback  stm32h7xx_hal_fdcan.o
    0x080058e0   0x080058e0   0x00000002   Code   RO         4707    i.HAL_FDCAN_TxEventFifoCallback  stm32h7xx_hal_fdcan.o
    0x080058e2   0x080058e2   0x00000002   Code   RO         4708    i.HAL_FDCAN_TxFifoEmptyCallback  stm32h7xx_hal_fdcan.o
    0x080058e4   0x080058e4   0x000001f0   Code   RO         2117    i.HAL_GPIO_Init     stm32h7xx_hal_gpio.o
    0x08005ad4   0x08005ad4   0x0000000c   Code   RO         2121    i.HAL_GPIO_WritePin  stm32h7xx_hal_gpio.o
    0x08005ae0   0x08005ae0   0x0000000c   Code   RO         3140    i.HAL_GetTick       stm32h7xx_hal.o
    0x08005aec   0x08005aec   0x00000018   Code   RO         3146    i.HAL_IncTick       stm32h7xx_hal.o
    0x08005b04   0x08005b04   0x00000060   Code   RO         3147    i.HAL_Init          stm32h7xx_hal.o
    0x08005b64   0x08005b64   0x000000a0   Code   RO          885    i.HAL_InitTick      stm32h7xx_hal_timebase_tim.o
    0x08005c04   0x08005c04   0x00000030   Code   RO          861    i.HAL_MspInit       stm32h7xx_hal_msp.o
    0x08005c34   0x08005c34   0x00000028   Code   RO         2967    i.HAL_NVIC_EnableIRQ  stm32h7xx_hal_cortex.o
    0x08005c5c   0x08005c5c   0x0000007a   Code   RO         2973    i.HAL_NVIC_SetPriority  stm32h7xx_hal_cortex.o
    0x08005cd6   0x08005cd6   0x00000002   PAD
    0x08005cd8   0x08005cd8   0x00000028   Code   RO         2974    i.HAL_NVIC_SetPriorityGrouping  stm32h7xx_hal_cortex.o
    0x08005d00   0x08005d00   0x00000028   Code   RO         1162    i.HAL_PCDEx_ActivateLPM  stm32h7xx_hal_pcd_ex.o
    0x08005d28   0x08005d28   0x00000002   Code   RO         1167    i.HAL_PCDEx_LPM_Callback  stm32h7xx_hal_pcd_ex.o
    0x08005d2a   0x08005d2a   0x0000000a   Code   RO         1168    i.HAL_PCDEx_SetRxFiFo  stm32h7xx_hal_pcd_ex.o
    0x08005d34   0x08005d34   0x0000004e   Code   RO         1169    i.HAL_PCDEx_SetTxFiFo  stm32h7xx_hal_pcd_ex.o
    0x08005d82   0x08005d82   0x0000000e   Code   RO        10045    i.HAL_PCD_ConnectCallback  usbd_conf.o
    0x08005d90   0x08005d90   0x00000020   Code   RO        10046    i.HAL_PCD_DataInStageCallback  usbd_conf.o
    0x08005db0   0x08005db0   0x00000020   Code   RO        10047    i.HAL_PCD_DataOutStageCallback  usbd_conf.o
    0x08005dd0   0x08005dd0   0x0000000e   Code   RO        10048    i.HAL_PCD_DisconnectCallback  usbd_conf.o
    0x08005dde   0x08005dde   0x00000042   Code   RO          933    i.HAL_PCD_EP_Abort  stm32h7xx_hal_pcd.o
    0x08005e20   0x08005e20   0x0000006a   Code   RO          934    i.HAL_PCD_EP_Close  stm32h7xx_hal_pcd.o
    0x08005e8a   0x08005e8a   0x0000007c   Code   RO          935    i.HAL_PCD_EP_ClrStall  stm32h7xx_hal_pcd.o
    0x08005f06   0x08005f06   0x00000016   Code   RO          937    i.HAL_PCD_EP_GetRxCount  stm32h7xx_hal_pcd.o
    0x08005f1c   0x08005f1c   0x0000008c   Code   RO          938    i.HAL_PCD_EP_Open   stm32h7xx_hal_pcd.o
    0x08005fa8   0x08005fa8   0x00000046   Code   RO          939    i.HAL_PCD_EP_Receive  stm32h7xx_hal_pcd.o
    0x08005fee   0x08005fee   0x0000008a   Code   RO          940    i.HAL_PCD_EP_SetStall  stm32h7xx_hal_pcd.o
    0x08006078   0x08006078   0x00000048   Code   RO          941    i.HAL_PCD_EP_Transmit  stm32h7xx_hal_pcd.o
    0x080060c0   0x080060c0   0x0000070e   Code   RO          943    i.HAL_PCD_IRQHandler  stm32h7xx_hal_pcd.o
    0x080067ce   0x080067ce   0x00000012   Code   RO        10049    i.HAL_PCD_ISOINIncompleteCallback  usbd_conf.o
    0x080067e0   0x080067e0   0x00000012   Code   RO        10050    i.HAL_PCD_ISOOUTIncompleteCallback  usbd_conf.o
    0x080067f2   0x080067f2   0x0000015e   Code   RO          946    i.HAL_PCD_Init      stm32h7xx_hal_pcd.o
    0x08006950   0x08006950   0x00000070   Code   RO        10052    i.HAL_PCD_MspInit   usbd_conf.o
    0x080069c0   0x080069c0   0x00000030   Code   RO        10053    i.HAL_PCD_ResetCallback  usbd_conf.o
    0x080069f0   0x080069f0   0x0000000e   Code   RO        10054    i.HAL_PCD_ResumeCallback  usbd_conf.o
    0x080069fe   0x080069fe   0x0000000e   Code   RO        10055    i.HAL_PCD_SOFCallback  usbd_conf.o
    0x08006a0c   0x08006a0c   0x00000034   Code   RO          952    i.HAL_PCD_SetAddress  stm32h7xx_hal_pcd.o
    0x08006a40   0x08006a40   0x00000012   Code   RO        10056    i.HAL_PCD_SetupStageCallback  usbd_conf.o
    0x08006a52   0x08006a52   0x0000004c   Code   RO          955    i.HAL_PCD_Start     stm32h7xx_hal_pcd.o
    0x08006a9e   0x08006a9e   0x00000002   PAD
    0x08006aa0   0x08006aa0   0x00000034   Code   RO        10057    i.HAL_PCD_SuspendCallback  usbd_conf.o
    0x08006ad4   0x08006ad4   0x00000060   Code   RO         2718    i.HAL_PWREx_ConfigSupply  stm32h7xx_hal_pwr_ex.o
    0x08006b34   0x08006b34   0x00000014   Code   RO         2735    i.HAL_PWREx_EnableUSBVoltageDetector  stm32h7xx_hal_pwr_ex.o
    0x08006b48   0x08006b48   0x00000024   Code   RO         1660    i.HAL_RCCEx_GetD3PCLK1Freq  stm32h7xx_hal_rcc_ex.o
    0x08006b6c   0x08006b6c   0x00000230   Code   RO         1661    i.HAL_RCCEx_GetPLL1ClockFreq  stm32h7xx_hal_rcc_ex.o
    0x08006d9c   0x08006d9c   0x00000230   Code   RO         1662    i.HAL_RCCEx_GetPLL2ClockFreq  stm32h7xx_hal_rcc_ex.o
    0x08006fcc   0x08006fcc   0x00000230   Code   RO         1663    i.HAL_RCCEx_GetPLL3ClockFreq  stm32h7xx_hal_rcc_ex.o
    0x080071fc   0x080071fc   0x000007ac   Code   RO         1665    i.HAL_RCCEx_GetPeriphCLKFreq  stm32h7xx_hal_rcc_ex.o
    0x080079a8   0x080079a8   0x00000cc8   Code   RO         1669    i.HAL_RCCEx_PeriphCLKConfig  stm32h7xx_hal_rcc_ex.o
    0x08008670   0x08008670   0x00000320   Code   RO         1545    i.HAL_RCC_ClockConfig  stm32h7xx_hal_rcc.o
    0x08008990   0x08008990   0x0000006c   Code   RO         1549    i.HAL_RCC_GetClockConfig  stm32h7xx_hal_rcc.o
    0x080089fc   0x080089fc   0x0000004c   Code   RO         1550    i.HAL_RCC_GetHCLKFreq  stm32h7xx_hal_rcc.o
    0x08008a48   0x08008a48   0x00000024   Code   RO         1552    i.HAL_RCC_GetPCLK1Freq  stm32h7xx_hal_rcc.o
    0x08008a6c   0x08008a6c   0x00000024   Code   RO         1553    i.HAL_RCC_GetPCLK2Freq  stm32h7xx_hal_rcc.o
    0x08008a90   0x08008a90   0x0000022c   Code   RO         1554    i.HAL_RCC_GetSysClockFreq  stm32h7xx_hal_rcc.o
    0x08008cbc   0x08008cbc   0x0000075c   Code   RO         1557    i.HAL_RCC_OscConfig  stm32h7xx_hal_rcc.o
    0x08009418   0x08009418   0x00000002   Code   RO         5234    i.HAL_SPI_ErrorCallback  stm32h7xx_hal_spi.o
    0x0800941a   0x0800941a   0x00000002   PAD
    0x0800941c   0x0800941c   0x00000294   Code   RO         5237    i.HAL_SPI_IRQHandler  stm32h7xx_hal_spi.o
    0x080096b0   0x080096b0   0x000001b0   Code   RO         5238    i.HAL_SPI_Init      stm32h7xx_hal_spi.o
    0x08009860   0x08009860   0x00000178   Code   RO          594    i.HAL_SPI_MspInit   spi.o
    0x080099d8   0x080099d8   0x00000002   Code   RO         5244    i.HAL_SPI_RxCpltCallback  stm32h7xx_hal_spi.o
    0x080099da   0x080099da   0x00000002   Code   RO         5246    i.HAL_SPI_SuspendCallback  stm32h7xx_hal_spi.o
    0x080099dc   0x080099dc   0x00000002   Code   RO         5253    i.HAL_SPI_TxCpltCallback  stm32h7xx_hal_spi.o
    0x080099de   0x080099de   0x00000002   Code   RO         5255    i.HAL_SPI_TxRxCpltCallback  stm32h7xx_hal_spi.o
    0x080099e0   0x080099e0   0x00000002   Code   RO         6288    i.HAL_TIMEx_Break2Callback  stm32h7xx_hal_tim_ex.o
    0x080099e2   0x080099e2   0x00000002   Code   RO         6289    i.HAL_TIMEx_BreakCallback  stm32h7xx_hal_tim_ex.o
    0x080099e4   0x080099e4   0x00000002   Code   RO         6290    i.HAL_TIMEx_CommutCallback  stm32h7xx_hal_tim_ex.o
    0x080099e6   0x080099e6   0x00000002   PAD
    0x080099e8   0x080099e8   0x000000e4   Code   RO         6311    i.HAL_TIMEx_MasterConfigSynchronization  stm32h7xx_hal_tim_ex.o
    0x08009acc   0x08009acc   0x0000006e   Code   RO         5563    i.HAL_TIM_Base_Init  stm32h7xx_hal_tim.o
    0x08009b3a   0x08009b3a   0x00000002   Code   RO         5565    i.HAL_TIM_Base_MspInit  stm32h7xx_hal_tim.o
    0x08009b3c   0x08009b3c   0x000000cc   Code   RO         5568    i.HAL_TIM_Base_Start_IT  stm32h7xx_hal_tim.o
    0x08009c08   0x08009c08   0x00000002   Code   RO         5597    i.HAL_TIM_IC_CaptureCallback  stm32h7xx_hal_tim.o
    0x08009c0a   0x08009c0a   0x00000198   Code   RO         5611    i.HAL_TIM_IRQHandler  stm32h7xx_hal_tim.o
    0x08009da2   0x08009da2   0x00000002   PAD
    0x08009da4   0x08009da4   0x000000a0   Code   RO          635    i.HAL_TIM_MspPostInit  tim.o
    0x08009e44   0x08009e44   0x00000002   Code   RO         5614    i.HAL_TIM_OC_DelayElapsedCallback  stm32h7xx_hal_tim.o
    0x08009e46   0x08009e46   0x00000170   Code   RO         5635    i.HAL_TIM_PWM_ConfigChannel  stm32h7xx_hal_tim.o
    0x08009fb6   0x08009fb6   0x0000006e   Code   RO         5638    i.HAL_TIM_PWM_Init  stm32h7xx_hal_tim.o
    0x0800a024   0x0800a024   0x00000058   Code   RO          637    i.HAL_TIM_PWM_MspInit  tim.o
    0x0800a07c   0x0800a07c   0x00000002   Code   RO         5641    i.HAL_TIM_PWM_PulseFinishedCallback  stm32h7xx_hal_tim.o
    0x0800a07e   0x0800a07e   0x00000002   PAD
    0x0800a080   0x0800a080   0x0000017c   Code   RO         5643    i.HAL_TIM_PWM_Start  stm32h7xx_hal_tim.o
    0x0800a1fc   0x0800a1fc   0x000000e4   Code   RO         5646    i.HAL_TIM_PWM_Stop  stm32h7xx_hal_tim.o
    0x0800a2e0   0x0800a2e0   0x00000012   Code   RO           14    i.HAL_TIM_PeriodElapsedCallback  main.o
    0x0800a2f2   0x0800a2f2   0x00000002   Code   RO         5654    i.HAL_TIM_TriggerCallback  stm32h7xx_hal_tim.o
    0x0800a2f4   0x0800a2f4   0x0000004e   Code   RO         7016    i.HAL_UARTEx_DisableFifoMode  stm32h7xx_hal_uart_ex.o
    0x0800a342   0x0800a342   0x00000062   Code   RO         7022    i.HAL_UARTEx_ReceiveToIdle_DMA  stm32h7xx_hal_uart_ex.o
    0x0800a3a4   0x0800a3a4   0x00000002   Code   RO         9676    i.HAL_UARTEx_RxEventCallback  bsp_usart1.o
    0x0800a3a6   0x0800a3a6   0x00000002   Code   RO         7024    i.HAL_UARTEx_RxFifoFullCallback  stm32h7xx_hal_uart_ex.o
    0x0800a3a8   0x0800a3a8   0x0000005e   Code   RO         7025    i.HAL_UARTEx_SetRxFifoThreshold  stm32h7xx_hal_uart_ex.o
    0x0800a406   0x0800a406   0x0000005e   Code   RO         7026    i.HAL_UARTEx_SetTxFifoThreshold  stm32h7xx_hal_uart_ex.o
    0x0800a464   0x0800a464   0x00000002   Code   RO         7028    i.HAL_UARTEx_TxFifoEmptyCallback  stm32h7xx_hal_uart_ex.o
    0x0800a466   0x0800a466   0x00000002   Code   RO         7029    i.HAL_UARTEx_WakeupCallback  stm32h7xx_hal_uart_ex.o
    0x0800a468   0x0800a468   0x00000002   Code   RO         6616    i.HAL_UART_ErrorCallback  stm32h7xx_hal_uart.o
    0x0800a46a   0x0800a46a   0x00000002   PAD
    0x0800a46c   0x0800a46c   0x00000494   Code   RO         6619    i.HAL_UART_IRQHandler  stm32h7xx_hal_uart.o
    0x0800a900   0x0800a900   0x00000078   Code   RO         6620    i.HAL_UART_Init     stm32h7xx_hal_uart.o
    0x0800a978   0x0800a978   0x00000130   Code   RO          690    i.HAL_UART_MspInit  usart.o
    0x0800aaa8   0x0800aaa8   0x00000002   Code   RO         6627    i.HAL_UART_RxCpltCallback  stm32h7xx_hal_uart.o
    0x0800aaaa   0x0800aaaa   0x00000002   Code   RO         6628    i.HAL_UART_RxHalfCpltCallback  stm32h7xx_hal_uart.o
    0x0800aaac   0x0800aaac   0x00000002   Code   RO         6632    i.HAL_UART_TxCpltCallback  stm32h7xx_hal_uart.o
    0x0800aaae   0x0800aaae   0x00000004   Code   RO          741    i.HardFault_Handler  stm32h7xx_it.o
    0x0800aab2   0x0800aab2   0x0000003e   Code   RO         9889    i.IntToUnicode      usbd_desc.o
    0x0800aaf0   0x0800aaf0   0x00000010   Code   RO         4093    i.LL_ADC_Enable     stm32h7xx_hal_adc.o
    0x0800ab00   0x0800ab00   0x0000000a   Code   RO         4095    i.LL_ADC_GetMultimode  stm32h7xx_hal_adc.o
    0x0800ab0a   0x0800ab0a   0x00000012   Code   RO         4096    i.LL_ADC_GetOffsetChannel  stm32h7xx_hal_adc.o
    0x0800ab1c   0x0800ab1c   0x0000000a   Code   RO         4097    i.LL_ADC_INJ_IsConversionOngoing  stm32h7xx_hal_adc.o
    0x0800ab26   0x0800ab26   0x0000000a   Code   RO         4098    i.LL_ADC_IsDisableOngoing  stm32h7xx_hal_adc.o
    0x0800ab30   0x0800ab30   0x0000000a   Code   RO         4099    i.LL_ADC_IsEnabled  stm32h7xx_hal_adc.o
    0x0800ab3a   0x0800ab3a   0x0000000a   Code   RO         4373    i.LL_ADC_IsEnabled  stm32h7xx_hal_adc_ex.o
    0x0800ab44   0x0800ab44   0x0000000a   Code   RO         4100    i.LL_ADC_IsInternalRegulatorEnabled  stm32h7xx_hal_adc.o
    0x0800ab4e   0x0800ab4e   0x0000000a   Code   RO         4101    i.LL_ADC_REG_IsConversionOngoing  stm32h7xx_hal_adc.o
    0x0800ab58   0x0800ab58   0x0000000a   Code   RO         4374    i.LL_ADC_REG_IsConversionOngoing  stm32h7xx_hal_adc_ex.o
    0x0800ab62   0x0800ab62   0x00000012   Code   RO         4102    i.LL_ADC_REG_IsTriggerSourceSWStart  stm32h7xx_hal_adc.o
    0x0800ab74   0x0800ab74   0x00000010   Code   RO         4103    i.LL_ADC_REG_StartConversion  stm32h7xx_hal_adc.o
    0x0800ab84   0x0800ab84   0x00000028   Code   RO         4105    i.LL_ADC_SetChannelSamplingTime  stm32h7xx_hal_adc.o
    0x0800abac   0x0800abac   0x0000000c   Code   RO         4106    i.LL_ADC_SetCommonPathInternalCh  stm32h7xx_hal_adc.o
    0x0800abb8   0x0800abb8   0x00000030   Code   RO         4107    i.LL_ADC_SetOffsetState  stm32h7xx_hal_adc.o
    0x0800abe8   0x0800abe8   0x000000c0   Code   RO          456    i.MX_ADC1_Init      adc.o
    0x0800aca8   0x0800aca8   0x00000074   Code   RO          496    i.MX_DMA_Init       dma.o
    0x0800ad1c   0x0800ad1c   0x00000088   Code   RO          522    i.MX_FDCAN1_Init    fdcan.o
    0x0800ada4   0x0800ada4   0x00000088   Code   RO          523    i.MX_FDCAN2_Init    fdcan.o
    0x0800ae2c   0x0800ae2c   0x00000088   Code   RO          524    i.MX_FDCAN3_Init    fdcan.o
    0x0800aeb4   0x0800aeb4   0x000000b4   Code   RO          353    i.MX_FREERTOS_Init  freertos.o
    0x0800af68   0x0800af68   0x00000174   Code   RO          325    i.MX_GPIO_Init      gpio.o
    0x0800b0dc   0x0800b0dc   0x00000064   Code   RO          595    i.MX_SPI2_Init      spi.o
    0x0800b140   0x0800b140   0x00000080   Code   RO          638    i.MX_TIM12_Init     tim.o
    0x0800b1c0   0x0800b1c0   0x00000080   Code   RO          639    i.MX_TIM3_Init      tim.o
    0x0800b240   0x0800b240   0x0000006c   Code   RO          691    i.MX_USART1_UART_Init  usart.o
    0x0800b2ac   0x0800b2ac   0x00000050   Code   RO         9853    i.MX_USB_DEVICE_Init  usb_device.o
    0x0800b2fc   0x0800b2fc   0x00000004   Code   RO          742    i.MemManage_Handler  stm32h7xx_it.o
    0x0800b300   0x0800b300   0x00000004   Code   RO          743    i.NMI_Handler       stm32h7xx_it.o
    0x0800b304   0x0800b304   0x00000010   Code   RO          744    i.OTG_HS_IRQHandler  stm32h7xx_it.o
    0x0800b314   0x0800b314   0x00000064   Code   RO          958    i.PCD_EP_OutSetupPacket_int  stm32h7xx_hal_pcd.o
    0x0800b378   0x0800b378   0x00000144   Code   RO          959    i.PCD_EP_OutXfrComplete_int  stm32h7xx_hal_pcd.o
    0x0800b4bc   0x0800b4bc   0x000000b6   Code   RO          960    i.PCD_WriteEmptyTxFifo  stm32h7xx_hal_pcd.o
    0x0800b572   0x0800b572   0x00000048   Code   RO           15    i.PeriphCommonClock_Config  main.o
    0x0800b5ba   0x0800b5ba   0x00000002   PAD
    0x0800b5bc   0x0800b5bc   0x00000164   Code   RO         1672    i.RCCEx_PLL2_Config  stm32h7xx_hal_rcc_ex.o
    0x0800b720   0x0800b720   0x00000164   Code   RO         1673    i.RCCEx_PLL3_Config  stm32h7xx_hal_rcc_ex.o
    0x0800b884   0x0800b884   0x00000010   Code   RO          745    i.SPI2_IRQHandler   stm32h7xx_it.o
    0x0800b894   0x0800b894   0x000000d6   Code   RO         5258    i.SPI_CloseTransfer  stm32h7xx_hal_spi.o
    0x0800b96a   0x0800b96a   0x0000001c   Code   RO         5259    i.SPI_DMAAbortOnError  stm32h7xx_hal_spi.o
    0x0800b986   0x0800b986   0x0000001a   Code   RO         5269    i.SPI_GetPacketSize  stm32h7xx_hal_spi.o
    0x0800b9a0   0x0800b9a0   0x00000012   Code   RO        10422    i.SWAPBYTE          usbd_ctlreq.o
    0x0800b9b2   0x0800b9b2   0x0000000e   Code   RO          354    i.StartDefaultTask  freertos.o
    0x0800b9c0   0x0800b9c0   0x00000034   Code   RO         9215    i.SysTick_Handler   port.o
    0x0800b9f4   0x0800b9f4   0x000000bc   Code   RO           16    i.SystemClock_Config  main.o
    0x0800bab0   0x0800bab0   0x000000e0   Code   RO         7140    i.SystemInit        system_stm32h7xx.o
    0x0800bb90   0x0800bb90   0x00000010   Code   RO          746    i.TIM2_IRQHandler   stm32h7xx_it.o
    0x0800bba0   0x0800bba0   0x000000f0   Code   RO         5656    i.TIM_Base_SetConfig  stm32h7xx_hal_tim.o
    0x0800bc90   0x0800bc90   0x00000022   Code   RO         5657    i.TIM_CCxChannelCmd  stm32h7xx_hal_tim.o
    0x0800bcb2   0x0800bcb2   0x00000002   PAD
    0x0800bcb4   0x0800bcb4   0x000000ac   Code   RO         5669    i.TIM_OC1_SetConfig  stm32h7xx_hal_tim.o
    0x0800bd60   0x0800bd60   0x000000b4   Code   RO         5670    i.TIM_OC2_SetConfig  stm32h7xx_hal_tim.o
    0x0800be14   0x0800be14   0x000000b4   Code   RO         5671    i.TIM_OC3_SetConfig  stm32h7xx_hal_tim.o
    0x0800bec8   0x0800bec8   0x00000074   Code   RO         5672    i.TIM_OC4_SetConfig  stm32h7xx_hal_tim.o
    0x0800bf3c   0x0800bf3c   0x00000070   Code   RO         5673    i.TIM_OC5_SetConfig  stm32h7xx_hal_tim.o
    0x0800bfac   0x0800bfac   0x00000070   Code   RO         5674    i.TIM_OC6_SetConfig  stm32h7xx_hal_tim.o
    0x0800c01c   0x0800c01c   0x00000058   Code   RO         7030    i.UARTEx_SetNbDataToProcess  stm32h7xx_hal_uart_ex.o
    0x0800c074   0x0800c074   0x000000f8   Code   RO         6634    i.UART_AdvFeatureConfig  stm32h7xx_hal_uart.o
    0x0800c16c   0x0800c16c   0x000000ea   Code   RO         6635    i.UART_CheckIdleState  stm32h7xx_hal_uart.o
    0x0800c256   0x0800c256   0x00000018   Code   RO         6636    i.UART_DMAAbortOnError  stm32h7xx_hal_uart.o
    0x0800c26e   0x0800c26e   0x0000005e   Code   RO         6637    i.UART_DMAError     stm32h7xx_hal_uart.o
    0x0800c2cc   0x0800c2cc   0x000000ae   Code   RO         6638    i.UART_DMAReceiveCplt  stm32h7xx_hal_uart.o
    0x0800c37a   0x0800c37a   0x00000026   Code   RO         6640    i.UART_DMARxHalfCplt  stm32h7xx_hal_uart.o
    0x0800c3a0   0x0800c3a0   0x0000006c   Code   RO         6646    i.UART_EndRxTransfer  stm32h7xx_hal_uart.o
    0x0800c40c   0x0800c40c   0x00000030   Code   RO         6647    i.UART_EndTransmit_IT  stm32h7xx_hal_uart.o
    0x0800c43c   0x0800c43c   0x00000040   Code   RO         6648    i.UART_EndTxTransfer  stm32h7xx_hal_uart.o
    0x0800c47c   0x0800c47c   0x00000628   Code   RO         6653    i.UART_SetConfig    stm32h7xx_hal_uart.o
    0x0800caa4   0x0800caa4   0x000000c8   Code   RO         6654    i.UART_Start_Receive_DMA  stm32h7xx_hal_uart.o
    0x0800cb6c   0x0800cb6c   0x000000ac   Code   RO         6660    i.UART_WaitOnFlagUntilTimeout  stm32h7xx_hal_uart.o
    0x0800cc18   0x0800cc18   0x0000001c   Code   RO          747    i.USART1_IRQHandler  stm32h7xx_it.o
    0x0800cc34   0x0800cc34   0x000000c4   Code   RO        10593    i.USBD_CDC_DataIn   usbd_cdc.o
    0x0800ccf8   0x0800ccf8   0x00000048   Code   RO        10594    i.USBD_CDC_DataOut  usbd_cdc.o
    0x0800cd40   0x0800cd40   0x000000d4   Code   RO        10595    i.USBD_CDC_DeInit   usbd_cdc.o
    0x0800ce14   0x0800ce14   0x00000050   Code   RO        10596    i.USBD_CDC_EP0_RxReady  usbd_cdc.o
    0x0800ce64   0x0800ce64   0x00000010   Code   RO        10597    i.USBD_CDC_GetDeviceQualifierDescriptor  usbd_cdc.o
    0x0800ce74   0x0800ce74   0x00000044   Code   RO        10598    i.USBD_CDC_GetFSCfgDesc  usbd_cdc.o
    0x0800ceb8   0x0800ceb8   0x00000048   Code   RO        10599    i.USBD_CDC_GetHSCfgDesc  usbd_cdc.o
    0x0800cf00   0x0800cf00   0x00000044   Code   RO        10600    i.USBD_CDC_GetOtherSpeedCfgDesc  usbd_cdc.o
    0x0800cf44   0x0800cf44   0x000001a0   Code   RO        10601    i.USBD_CDC_Init     usbd_cdc.o
    0x0800d0e4   0x0800d0e4   0x00000050   Code   RO        10602    i.USBD_CDC_ReceivePacket  usbd_cdc.o
    0x0800d134   0x0800d134   0x00000018   Code   RO        10603    i.USBD_CDC_RegisterInterface  usbd_cdc.o
    0x0800d14c   0x0800d14c   0x0000001e   Code   RO        10604    i.USBD_CDC_SetRxBuffer  usbd_cdc.o
    0x0800d16a   0x0800d16a   0x00000024   Code   RO        10605    i.USBD_CDC_SetTxBuffer  usbd_cdc.o
    0x0800d18e   0x0800d18e   0x00000140   Code   RO        10606    i.USBD_CDC_Setup    usbd_cdc.o
    0x0800d2ce   0x0800d2ce   0x00000002   PAD
    0x0800d2d0   0x0800d2d0   0x0000005c   Code   RO        10607    i.USBD_CDC_TransmitPacket  usbd_cdc.o
    0x0800d32c   0x0800d32c   0x0000001c   Code   RO        10256    i.USBD_ClrClassConfig  usbd_core.o
    0x0800d348   0x0800d348   0x0000003e   Code   RO        10423    i.USBD_ClrFeature   usbd_ctlreq.o
    0x0800d386   0x0800d386   0x00000006   Code   RO        10257    i.USBD_CoreFindEP   usbd_core.o
    0x0800d38c   0x0800d38c   0x00000006   Code   RO        10258    i.USBD_CoreFindIF   usbd_core.o
    0x0800d392   0x0800d392   0x00000018   Code   RO        10529    i.USBD_CtlContinueRx  usbd_ioreq.o
    0x0800d3aa   0x0800d3aa   0x00000018   Code   RO        10530    i.USBD_CtlContinueSendData  usbd_ioreq.o
    0x0800d3c2   0x0800d3c2   0x00000018   Code   RO        10424    i.USBD_CtlError     usbd_ctlreq.o
    0x0800d3da   0x0800d3da   0x00000028   Code   RO        10531    i.USBD_CtlPrepareRx  usbd_ioreq.o
    0x0800d402   0x0800d402   0x0000001a   Code   RO        10532    i.USBD_CtlReceiveStatus  usbd_ioreq.o
    0x0800d41c   0x0800d41c   0x00000022   Code   RO        10533    i.USBD_CtlSendData  usbd_ioreq.o
    0x0800d43e   0x0800d43e   0x0000001a   Code   RO        10534    i.USBD_CtlSendStatus  usbd_ioreq.o
    0x0800d458   0x0800d458   0x00000056   Code   RO        10425    i.USBD_GetConfig    usbd_ctlreq.o
    0x0800d4ae   0x0800d4ae   0x00000232   Code   RO        10426    i.USBD_GetDescriptor  usbd_ctlreq.o
    0x0800d6e0   0x0800d6e0   0x00000050   Code   RO        10260    i.USBD_GetEpDesc    usbd_core.o
    0x0800d730   0x0800d730   0x00000016   Code   RO        10427    i.USBD_GetLen       usbd_ctlreq.o
    0x0800d746   0x0800d746   0x00000014   Code   RO        10261    i.USBD_GetNextDesc  usbd_core.o
    0x0800d75a   0x0800d75a   0x0000005a   Code   RO        10428    i.USBD_GetStatus    usbd_ctlreq.o
    0x0800d7b4   0x0800d7b4   0x00000068   Code   RO        10429    i.USBD_GetString    usbd_ctlreq.o
    0x0800d81c   0x0800d81c   0x0000002c   Code   RO        10058    i.USBD_Get_USB_Status  usbd_conf.o
    0x0800d848   0x0800d848   0x00000034   Code   RO         9890    i.USBD_HS_ConfigStrDescriptor  usbd_desc.o
    0x0800d87c   0x0800d87c   0x00000010   Code   RO         9891    i.USBD_HS_DeviceDescriptor  usbd_desc.o
    0x0800d88c   0x0800d88c   0x00000038   Code   RO         9892    i.USBD_HS_InterfaceStrDescriptor  usbd_desc.o
    0x0800d8c4   0x0800d8c4   0x00000010   Code   RO         9893    i.USBD_HS_LangIDStrDescriptor  usbd_desc.o
    0x0800d8d4   0x0800d8d4   0x0000002c   Code   RO         9894    i.USBD_HS_ManufacturerStrDescriptor  usbd_desc.o
    0x0800d900   0x0800d900   0x00000040   Code   RO         9895    i.USBD_HS_ProductStrDescriptor  usbd_desc.o
    0x0800d940   0x0800d940   0x00000018   Code   RO         9896    i.USBD_HS_SerialStrDescriptor  usbd_desc.o
    0x0800d958   0x0800d958   0x0000003a   Code   RO        10262    i.USBD_Init         usbd_core.o
    0x0800d992   0x0800d992   0x00000026   Code   RO        10059    i.USBD_LL_ClearStallEP  usbd_conf.o
    0x0800d9b8   0x0800d9b8   0x00000026   Code   RO        10060    i.USBD_LL_CloseEP   usbd_conf.o
    0x0800d9de   0x0800d9de   0x00000108   Code   RO        10263    i.USBD_LL_DataInStage  usbd_core.o
    0x0800dae6   0x0800dae6   0x00000102   Code   RO        10264    i.USBD_LL_DataOutStage  usbd_core.o
    0x0800dbe8   0x0800dbe8   0x00000006   Code   RO        10265    i.USBD_LL_DevConnected  usbd_core.o
    0x0800dbee   0x0800dbee   0x00000026   Code   RO        10266    i.USBD_LL_DevDisconnected  usbd_core.o
    0x0800dc14   0x0800dc14   0x00000012   Code   RO        10064    i.USBD_LL_GetRxDataSize  usbd_conf.o
    0x0800dc26   0x0800dc26   0x00000002   PAD
    0x0800dc28   0x0800dc28   0x00000070   Code   RO        10065    i.USBD_LL_Init      usbd_conf.o
    0x0800dc98   0x0800dc98   0x00000038   Code   RO        10066    i.USBD_LL_IsStallEP  usbd_conf.o
    0x0800dcd0   0x0800dcd0   0x00000048   Code   RO        10267    i.USBD_LL_IsoINIncomplete  usbd_core.o
    0x0800dd18   0x0800dd18   0x00000048   Code   RO        10268    i.USBD_LL_IsoOUTIncomplete  usbd_core.o
    0x0800dd60   0x0800dd60   0x00000030   Code   RO        10067    i.USBD_LL_OpenEP    usbd_conf.o
    0x0800dd90   0x0800dd90   0x00000030   Code   RO        10068    i.USBD_LL_PrepareReceive  usbd_conf.o
    0x0800ddc0   0x0800ddc0   0x0000006c   Code   RO        10269    i.USBD_LL_Reset     usbd_core.o
    0x0800de2c   0x0800de2c   0x00000016   Code   RO        10270    i.USBD_LL_Resume    usbd_core.o
    0x0800de42   0x0800de42   0x00000028   Code   RO        10271    i.USBD_LL_SOF       usbd_core.o
    0x0800de6a   0x0800de6a   0x00000008   Code   RO        10272    i.USBD_LL_SetSpeed  usbd_core.o
    0x0800de72   0x0800de72   0x00000026   Code   RO        10069    i.USBD_LL_SetUSBAddress  usbd_conf.o
    0x0800de98   0x0800de98   0x00000076   Code   RO        10273    i.USBD_LL_SetupStage  usbd_core.o
    0x0800df0e   0x0800df0e   0x00000026   Code   RO        10070    i.USBD_LL_StallEP   usbd_conf.o
    0x0800df34   0x0800df34   0x0000001e   Code   RO        10071    i.USBD_LL_Start     usbd_conf.o
    0x0800df52   0x0800df52   0x0000001c   Code   RO        10274    i.USBD_LL_Suspend   usbd_core.o
    0x0800df6e   0x0800df6e   0x00000030   Code   RO        10073    i.USBD_LL_Transmit  usbd_conf.o
    0x0800df9e   0x0800df9e   0x00000036   Code   RO        10430    i.USBD_ParseSetupRequest  usbd_ctlreq.o
    0x0800dfd4   0x0800dfd4   0x00000048   Code   RO        10275    i.USBD_RegisterClass  usbd_core.o
    0x0800e01c   0x0800e01c   0x00000006   Code   RO        10276    i.USBD_RunTestMode  usbd_core.o
    0x0800e022   0x0800e022   0x0000005a   Code   RO        10431    i.USBD_SetAddress   usbd_ctlreq.o
    0x0800e07c   0x0800e07c   0x00000020   Code   RO        10277    i.USBD_SetClassConfig  usbd_core.o
    0x0800e09c   0x0800e09c   0x00000104   Code   RO        10432    i.USBD_SetConfig    usbd_ctlreq.o
    0x0800e1a0   0x0800e1a0   0x00000038   Code   RO        10433    i.USBD_SetFeature   usbd_ctlreq.o
    0x0800e1d8   0x0800e1d8   0x0000000c   Code   RO        10278    i.USBD_Start        usbd_core.o
    0x0800e1e4   0x0800e1e4   0x000000ae   Code   RO        10434    i.USBD_StdDevReq    usbd_ctlreq.o
    0x0800e292   0x0800e292   0x00000280   Code   RO        10435    i.USBD_StdEPReq     usbd_ctlreq.o
    0x0800e512   0x0800e512   0x000000ae   Code   RO        10436    i.USBD_StdItfReq    usbd_ctlreq.o
    0x0800e5c0   0x0800e5c0   0x00000002   Code   RO        10074    i.USBD_static_free  usbd_conf.o
    0x0800e5c2   0x0800e5c2   0x00000002   PAD
    0x0800e5c4   0x0800e5c4   0x0000000c   Code   RO        10075    i.USBD_static_malloc  usbd_conf.o
    0x0800e5d0   0x0800e5d0   0x000000d0   Code   RO         1234    i.USB_ActivateEndpoint  stm32h7xx_ll_usb.o
    0x0800e6a0   0x0800e6a0   0x00000028   Code   RO         1236    i.USB_ActivateSetup  stm32h7xx_ll_usb.o
    0x0800e6c8   0x0800e6c8   0x000000a0   Code   RO         1238    i.USB_CoreInit      stm32h7xx_ll_usb.o
    0x0800e768   0x0800e768   0x00000054   Code   RO         1239    i.USB_CoreReset     stm32h7xx_ll_usb.o
    0x0800e7bc   0x0800e7bc   0x0000014c   Code   RO         1242    i.USB_DeactivateEndpoint  stm32h7xx_ll_usb.o
    0x0800e908   0x0800e908   0x00000024   Code   RO         1243    i.USB_DevConnect    stm32h7xx_ll_usb.o
    0x0800e92c   0x0800e92c   0x00000024   Code   RO         1244    i.USB_DevDisconnect  stm32h7xx_ll_usb.o
    0x0800e950   0x0800e950   0x000001e0   Code   RO         1245    i.USB_DevInit       stm32h7xx_ll_usb.o
    0x0800eb30   0x0800eb30   0x0000000e   Code   RO         1246    i.USB_DisableGlobalInt  stm32h7xx_ll_usb.o
    0x0800eb3e   0x0800eb3e   0x00000002   PAD
    0x0800eb40   0x0800eb40   0x00000070   Code   RO         1249    i.USB_EP0_OutStart  stm32h7xx_ll_usb.o
    0x0800ebb0   0x0800ebb0   0x0000008e   Code   RO         1250    i.USB_EPClearStall  stm32h7xx_ll_usb.o
    0x0800ec3e   0x0800ec3e   0x0000009a   Code   RO         1251    i.USB_EPSetStall    stm32h7xx_ll_usb.o
    0x0800ecd8   0x0800ecd8   0x000003b4   Code   RO         1252    i.USB_EPStartXfer   stm32h7xx_ll_usb.o
    0x0800f08c   0x0800f08c   0x000000ec   Code   RO         1253    i.USB_EPStopXfer    stm32h7xx_ll_usb.o
    0x0800f178   0x0800f178   0x0000000e   Code   RO         1254    i.USB_EnableGlobalInt  stm32h7xx_ll_usb.o
    0x0800f186   0x0800f186   0x00000050   Code   RO         1255    i.USB_FlushRxFifo   stm32h7xx_ll_usb.o
    0x0800f1d6   0x0800f1d6   0x00000054   Code   RO         1256    i.USB_FlushTxFifo   stm32h7xx_ll_usb.o
    0x0800f22a   0x0800f22a   0x00000026   Code   RO         1258    i.USB_GetDevSpeed   stm32h7xx_ll_usb.o
    0x0800f250   0x0800f250   0x0000000a   Code   RO         1260    i.USB_GetMode       stm32h7xx_ll_usb.o
    0x0800f25a   0x0800f25a   0x00000014   Code   RO         1268    i.USB_ReadDevAllInEpInterrupt  stm32h7xx_ll_usb.o
    0x0800f26e   0x0800f26e   0x00000014   Code   RO         1269    i.USB_ReadDevAllOutEpInterrupt  stm32h7xx_ll_usb.o
    0x0800f282   0x0800f282   0x00000032   Code   RO         1270    i.USB_ReadDevInEPInterrupt  stm32h7xx_ll_usb.o
    0x0800f2b4   0x0800f2b4   0x0000001a   Code   RO         1271    i.USB_ReadDevOutEPInterrupt  stm32h7xx_ll_usb.o
    0x0800f2ce   0x0800f2ce   0x0000000a   Code   RO         1272    i.USB_ReadInterrupts  stm32h7xx_ll_usb.o
    0x0800f2d8   0x0800f2d8   0x00000060   Code   RO         1273    i.USB_ReadPacket    stm32h7xx_ll_usb.o
    0x0800f338   0x0800f338   0x00000068   Code   RO         1275    i.USB_SetCurrentMode  stm32h7xx_ll_usb.o
    0x0800f3a0   0x0800f3a0   0x0000002a   Code   RO         1276    i.USB_SetDevAddress  stm32h7xx_ll_usb.o
    0x0800f3ca   0x0800f3ca   0x00000012   Code   RO         1277    i.USB_SetDevSpeed   stm32h7xx_ll_usb.o
    0x0800f3dc   0x0800f3dc   0x000000e8   Code   RO         1278    i.USB_SetTurnaroundTime  stm32h7xx_ll_usb.o
    0x0800f4c4   0x0800f4c4   0x00000044   Code   RO         1281    i.USB_WritePacket   stm32h7xx_ll_usb.o
    0x0800f508   0x0800f508   0x00000004   Code   RO          748    i.UsageFault_Handler  stm32h7xx_it.o
    0x0800f50c   0x0800f50c   0x00000008   Code   RO          355    i.VBUS_CheckTask    freertos.o
    0x0800f514   0x0800f514   0x00000244   Code   RO         9476    i.VBUS_Check_task   vbus_check.o
    0x0800f758   0x0800f758   0x00000010   Code   RO         2980    i.__NVIC_GetPriorityGrouping  stm32h7xx_hal_cortex.o
    0x0800f768   0x0800f768   0x00000028   Code   RO         2981    i.__NVIC_SetPriority  stm32h7xx_hal_cortex.o
    0x0800f790   0x0800f790   0x0000000e   Code   RO        11022    i.__scatterload_copy  mc_w.l(handlers.o)
    0x0800f79e   0x0800f79e   0x00000002   Code   RO        11023    i.__scatterload_null  mc_w.l(handlers.o)
    0x0800f7a0   0x0800f7a0   0x0000000e   Code   RO        11024    i.__scatterload_zeroinit  mc_w.l(handlers.o)
    0x0800f7ae   0x0800f7ae   0x00000002   PAD
    0x0800f7b0   0x0800f7b0   0x00000038   Code   RO         9375    i.body_init         body_task.o
    0x0800f7e8   0x0800f7e8   0x0000007a   Code   RO         9592    i.canx_send_data    can_bsp.o
    0x0800f862   0x0800f862   0x00000042   Code   RO         7323    i.disable_motor_mode  dm4310_drv.o
    0x0800f8a4   0x0800f8a4   0x00000098   Code   RO         7331    i.dm4340_fbdata     dm4310_drv.o
    0x0800f93c   0x0800f93c   0x00000074   Code   RO         7332    i.dm4340_fbdata_init  dm4310_drv.o
    0x0800f9b0   0x0800f9b0   0x000000b4   Code   RO         7333    i.dm4340_fbdata_test  dm4310_drv.o
    0x0800fa64   0x0800fa64   0x000000a0   Code   RO         7334    i.dm6006_fbdata     dm4310_drv.o
    0x0800fb04   0x0800fb04   0x00000084   Code   RO         7338    i.dm6248p_fbdata_init  dm4310_drv.o
    0x0800fb88   0x0800fb88   0x00000042   Code   RO         7343    i.enable_motor_mode  dm4310_drv.o
    0x0800fbca   0x0800fbca   0x00000032   Code   RO         7344    i.float_to_uint     dm4310_drv.o
    0x0800fbfc   0x0800fbfc   0x00000006   Code   RO         7345    i.joint_motor_init  dm4310_drv.o
    0x0800fc02   0x0800fc02   0x00000002   PAD
    0x0800fc04   0x0800fc04   0x00000080   Code   RO           17    i.main              main.o
    0x0800fc84   0x0800fc84   0x0000000e   Code   RO         8780    i.makeFreeRtosPriority  cmsis_os.o
    0x0800fc92   0x0800fc92   0x00000002   PAD
    0x0800fc94   0x0800fc94   0x000000f0   Code   RO         7347    i.mit_ctrl2         dm4310_drv.o
    0x0800fd84   0x0800fd84   0x000000f8   Code   RO         7348    i.mit_ctrl3         dm4310_drv.o
    0x0800fe7c   0x0800fe7c   0x00000088   Code   RO         7351    i.mit_ctrl_test     dm4310_drv.o
    0x0800ff04   0x0800ff04   0x00000018   Code   RO         8782    i.osDelay           cmsis_os.o
    0x0800ff1c   0x0800ff1c   0x0000000a   Code   RO         8785    i.osKernelStart     cmsis_os.o
    0x0800ff26   0x0800ff26   0x00000030   Code   RO         8819    i.osThreadCreate    cmsis_os.o
    0x0800ff56   0x0800ff56   0x00000002   PAD
    0x0800ff58   0x0800ff58   0x00000098   Code   RO         8457    i.prvAddCurrentTaskToDelayedList  tasks.o
    0x0800fff0   0x0800fff0   0x000000b4   Code   RO         8458    i.prvAddNewTaskToReadyList  tasks.o
    0x080100a4   0x080100a4   0x00000048   Code   RO         8459    i.prvCheckTasksWaitingTermination  tasks.o
    0x080100ec   0x080100ec   0x00000012   Code   RO         8460    i.prvDeleteTCB      tasks.o
    0x080100fe   0x080100fe   0x00000002   PAD
    0x08010100   0x08010100   0x0000007c   Code   RO         9147    i.prvHeapInit       heap_4.o
    0x0801017c   0x0801017c   0x00000028   Code   RO         8461    i.prvIdleTask       tasks.o
    0x080101a4   0x080101a4   0x000000b4   Code   RO         8462    i.prvInitialiseNewTask  tasks.o
    0x08010258   0x08010258   0x00000068   Code   RO         8463    i.prvInitialiseTaskLists  tasks.o
    0x080102c0   0x080102c0   0x00000068   Code   RO         9148    i.prvInsertBlockIntoFreeList  heap_4.o
    0x08010328   0x08010328   0x00000034   Code   RO         8464    i.prvResetNextTaskUnblockTime  tasks.o
    0x0801035c   0x0801035c   0x00000040   Code   RO         9216    i.prvTaskExitError  port.o
    0x0801039c   0x0801039c   0x0000014c   Code   RO         9149    i.pvPortMalloc      heap_4.o
    0x080104e8   0x080104e8   0x0000002c   Code   RO         9217    i.pxPortInitialiseStack  port.o
    0x08010514   0x08010514   0x00000042   Code   RO         7353    i.save_motor_zero   dm4310_drv.o
    0x08010556   0x08010556   0x00000074   Code   RO         9376    i.slope_following   body_task.o
    0x080105ca   0x080105ca   0x00000034   Code   RO         7355    i.uint_to_float     dm4310_drv.o
    0x080105fe   0x080105fe   0x00000028   Code   RO         8110    i.uxListRemove      list.o
    0x08010626   0x08010626   0x0000001a   Code   RO         8111    i.vListInitialise   list.o
    0x08010640   0x08010640   0x00000006   Code   RO         8112    i.vListInitialiseItem  list.o
    0x08010646   0x08010646   0x00000034   Code   RO         8113    i.vListInsert       list.o
    0x0801067a   0x0801067a   0x00000018   Code   RO         8114    i.vListInsertEnd    list.o
    0x08010692   0x08010692   0x00000002   PAD
    0x08010694   0x08010694   0x00000054   Code   RO         9219    i.vPortEnterCritical  port.o
    0x080106e8   0x080106e8   0x0000003c   Code   RO         9220    i.vPortExitCritical  port.o
    0x08010724   0x08010724   0x000000a4   Code   RO         9150    i.vPortFree         heap_4.o
    0x080107c8   0x080107c8   0x00000028   Code   RO         9221    i.vPortSetupTimerInterrupt  port.o
    0x080107f0   0x080107f0   0x0000005c   Code   RO         8473    i.vTaskDelay        tasks.o
    0x0801084c   0x0801084c   0x00000088   Code   RO         8486    i.vTaskStartScheduler  tasks.o
    0x080108d4   0x080108d4   0x00000010   Code   RO         8488    i.vTaskSuspendAll   tasks.o
    0x080108e4   0x080108e4   0x0000008c   Code   RO         8489    i.vTaskSwitchContext  tasks.o
    0x08010970   0x08010970   0x00000168   Code   RO         9223    i.xPortStartScheduler  port.o
    0x08010ad8   0x08010ad8   0x00000060   Code   RO         8492    i.xTaskCreate       tasks.o
    0x08010b38   0x08010b38   0x00000148   Code   RO         8499    i.xTaskIncrementTick  tasks.o
    0x08010c80   0x08010c80   0x00000104   Code   RO         8505    i.xTaskResumeAll    tasks.o
    0x08010d84   0x08010d84   0x00000078   Data   RO          356    .constdata          freertos.o
    0x08010dfc   0x08010dfc   0x00000008   Data   RO         2281    .constdata          stm32h7xx_hal_dma.o
    0x08010e04   0x08010e04   0x0000005c   Data   RO         4709    .constdata          stm32h7xx_hal_fdcan.o
    0x08010e60   0x08010e60   0x00000018   Data   RO         6661    .constdata          stm32h7xx_hal_uart.o
    0x08010e78   0x08010e78   0x00000010   Data   RO         7032    .constdata          stm32h7xx_hal_uart_ex.o
    0x08010e88   0x08010e88   0x00000010   Data   RO         7141    .constdata          system_stm32h7xx.o
    0x08010e98   0x08010e98   0x00000058   Data   RO          357    .conststring        freertos.o
    0x08010ef0   0x08010ef0   0x00000020   Data   RO        11020    Region$$Table       anon$$obj.o


    Execution Region RW_IRAM1 (Exec base: 0x20000000, Load base: 0x08010f10, Size: 0x00000000, Max: 0x00020000, ABSOLUTE)

    **** No section assigned to this execution region ****


    Execution Region RW_IRAM2 (Exec base: 0x24000000, Load base: 0x08010f10, Size: 0x0000b118, Max: 0x00050000, ABSOLUTE, COMPRESSED[0x000000e0])

    Exec Addr    Load Addr    Size         Type   Attr      Idx    E Section Name        Object

    0x24000000   COMPRESSED   0x00000018   Data   RW          358    .data               freertos.o
    0x24000018   COMPRESSED   0x00000004   Data   RW          526    .data               fdcan.o
    0x2400001c   COMPRESSED   0x00000009   Data   RW         3171    .data               stm32h7xx_hal.o
    0x24000025   COMPRESSED   0x00000003   PAD
    0x24000028   COMPRESSED   0x00000008   Data   RW         7142    .data               system_stm32h7xx.o
    0x24000030   COMPRESSED   0x0000003c   Data   RW         8508    .data               tasks.o
    0x2400006c   COMPRESSED   0x00000020   Data   RW         9156    .data               heap_4.o
    0x2400008c   COMPRESSED   0x0000000c   Data   RW         9224    .data               port.o
    0x24000098   COMPRESSED   0x00000018   Data   RW         9296    .data               chassisl_task.o
    0x240000b0   COMPRESSED   0x0000001c   Data   RW         9338    .data               chassisr_task.o
    0x240000cc   COMPRESSED   0x00000019   Data   RW         9378    .data               body_task.o
    0x240000e5   COMPRESSED   0x00000003   PAD
    0x240000e8   COMPRESSED   0x00000004   Data   RW         9422    .data               connect_task.o
    0x240000ec   COMPRESSED   0x0000000b   Data   RW         9477    .data               vbus_check.o
    0x240000f7   COMPRESSED   0x00000001   PAD
    0x240000f8   COMPRESSED   0x00000040   Data   RW         9519    .data               bsp_dwt.o
    0x24000138   COMPRESSED   0x0000005e   Data   RW         9899    .data               usbd_desc.o
    0x24000196   COMPRESSED   0x00000002   PAD
    0x24000198   COMPRESSED   0x00000014   Data   RW         9991    .data               usbd_cdc_if.o
    0x240001ac   COMPRESSED   0x00000001   Data   RW        10437    .data               usbd_ctlreq.o
    0x240001ad   COMPRESSED   0x00000003   PAD
    0x240001b0   COMPRESSED   0x0000008a   Data   RW        10608    .data               usbd_cdc.o
    0x2400023a   COMPRESSED   0x00000002   PAD
    0x2400023c        -       0x000000e8   Zero   RW          457    .bss                adc.o
    0x24000324        -       0x000001e0   Zero   RW          525    .bss                fdcan.o
    0x24000504        -       0x00000178   Zero   RW          596    .bss                spi.o
    0x2400067c        -       0x00000098   Zero   RW          640    .bss                tim.o
    0x24000714        -       0x00000184   Zero   RW          692    .bss                usart.o
    0x24000898        -       0x0000004c   Zero   RW          888    .bss                stm32h7xx_hal_timebase_tim.o
    0x240008e4        -       0x000000f0   Zero   RW         8507    .bss                tasks.o
    0x240009d4        -       0x00007800   Zero   RW         9155    .bss                heap_4.o
    0x240081d4        -       0x00000544   Zero   RW         9337    .bss                chassisr_task.o
    0x24008718        -       0x000003a0   Zero   RW         9377    .bss                body_task.o
    0x24008ab8        -       0x000001e0   Zero   RW         9593    .bss                can_bsp.o
    0x24008c98        -       0x0000009b   Zero   RW         9678    .bss                bsp_usart1.o
    0x24008d33   COMPRESSED   0x00000001   PAD
    0x24008d34        -       0x000002dc   Zero   RW         9854    .bss                usb_device.o
    0x24009010        -       0x00000200   Zero   RW         9898    .bss                usbd_desc.o
    0x24009210        -       0x00001000   Zero   RW         9990    .bss                usbd_cdc_if.o
    0x2400a210        -       0x00000704   Zero   RW        10076    .bss                usbd_conf.o
    0x2400a914   COMPRESSED   0x00000004   PAD
    0x2400a918        -       0x00000800   Zero   RW            1    STACK               startup_stm32h723xx.o


==============================================================================

Image component sizes


      Code (inc. data)   RO Data    RW Data    ZI Data      Debug   Object Name

       496         38          0          0        232       2267   adc.o
       412         54          0         25        928       4486   body_task.o
       104         30          0         64          0       2262   bsp_dwt.o
        28          0          0          0        155       2619   bsp_usart1.o
      1070        102          0          0        480       5481   can_bsp.o
       756         50          0         24          0       3125   chassisl_task.o
       804         60          0         28       1348       2743   chassisr_task.o
        96          0          0          0          0      12967   cmsis_os.o
       196         14          0          4          0       2669   connect_task.o
      1670         78          0          0          0      13570   dm4310_drv.o
       116          4          0          0          0        954   dma.o
         0          0          0          0          0       5228   event_groups.o
       844         54          0          4        480       3557   fdcan.o
       234         30        208         24          0       8135   freertos.o
       372         16          0          0          0       1291   gpio.o
       724         74          0         32      30720       7675   heap_4.o
       148          0          0          0          0       3806   list.o
         0          0          0          0          0       1428   mahony_filter.o
       412         20          0          0          0    1305158   main.o
       894         78          0         12          0      11472   port.o
       476         38          0          0        376       2203   spi.o
        36          8        716          0       2048        856   startup_stm32h723xx.o
       172         34          0          9          0      23130   stm32h7xx_hal.o
      4216        234          0          0          0      86084   stm32h7xx_hal_adc.o
       560         30          0          0          0      68749   stm32h7xx_hal_adc_ex.o
       258         22          0          0          0      39394   stm32h7xx_hal_cortex.o
      8650        164          8          0          0      13654   stm32h7xx_hal_dma.o
      3582         54         92          0          0      23256   stm32h7xx_hal_fdcan.o
       508         50          0          0          0       2288   stm32h7xx_hal_gpio.o
        48          6          0          0          0        982   stm32h7xx_hal_msp.o
      3628         16          0          0          0      14232   stm32h7xx_hal_pcd.o
       130          4          0          0          0       3313   stm32h7xx_hal_pcd_ex.o
       116         12          0          0          0       1382   stm32h7xx_hal_pwr_ex.o
      3496        120          0          0          0       7765   stm32h7xx_hal_rcc.o
      7664        184          0          0          0      10863   stm32h7xx_hal_rcc_ex.o
      1370         18          0          0          0       7839   stm32h7xx_hal_spi.o
      2964        304          0          0          0      15768   stm32h7xx_hal_tim.o
       234         38          0          0          0       3408   stm32h7xx_hal_tim_ex.o
       160         18          0          0         76       1719   stm32h7xx_hal_timebase_tim.o
      4280        168         24          0          0      35440   stm32h7xx_hal_uart.o
       458         10         16          0          0       6665   stm32h7xx_hal_uart_ex.o
       226         74          0          0          0       9219   stm32h7xx_it.o
      3894         88          0          0          0      23576   stm32h7xx_ll_usb.o
       224         32         16          8          0       1458   system_stm32h7xx.o
      1866        268          0         60        240      19149   tasks.o
       504         46          0          0        152       3342   tim.o
       412         36          0          0        388       2176   usart.o
        80         16          0          0        732        824   usb_device.o
      1782         54          0        138          0      14749   usbd_cdc.o
       584         48          0         20       4096       4898   usbd_cdc_if.o
       956         30          0          0       1796      18268   usbd_conf.o
      1354          0          0          0          0      17133   usbd_core.o
      2416         22          0          1          0      18460   usbd_ctlreq.o
       386        122          0         94        512       7301   usbd_desc.o
       174          0          0          0          0       4984   usbd_ioreq.o
         0          0          0          0          0        996   user_lib.o
       580         64          0         11          0       1923   vbus_check.o

    ----------------------------------------------------------------------
     67872       3134       1112        572      44764    1918339   Object Totals
         0          0         32          0          0          0   (incl. Generated)
        52          0          0         14          5          0   (incl. Padding)

    ----------------------------------------------------------------------

      Code (inc. data)   RO Data    RW Data    ZI Data      Debug   Library Member Name

        86          0          0          0          0          0   __dczerorl2.o
         0          0          0          0          0          0   entry.o
         0          0          0          0          0          0   entry10a.o
         0          0          0          0          0          0   entry11a.o
         8          4          0          0          0          0   entry2.o
         4          0          0          0          0          0   entry5.o
         0          0          0          0          0          0   entry7b.o
         0          0          0          0          0          0   entry8b.o
         8          4          0          0          0          0   entry9a.o
        30          0          0          0          0          0   handlers.o
        36          8          0          0          0         68   init.o
        30          0          0          0          0         68   llshl.o
        32          0          0          0          0         68   llushr.o
        36          0          0          0          0         68   memcpya.o
        36          0          0          0          0        108   memseta.o
        98          0          0          0          0         92   uldiv.o

    ----------------------------------------------------------------------
       408         16          0          0          0        472   Library Totals
         4          0          0          0          0          0   (incl. Padding)

    ----------------------------------------------------------------------

      Code (inc. data)   RO Data    RW Data    ZI Data      Debug   Library Name

       404         16          0          0          0        472   mc_w.l

    ----------------------------------------------------------------------
       408         16          0          0          0        472   Library Totals

    ----------------------------------------------------------------------

==============================================================================


      Code (inc. data)   RO Data    RW Data    ZI Data      Debug   

     68280       3150       1112        572      44764    1878439   Grand Totals
     68280       3150       1112        224      44764    1878439   ELF Image Totals (compressed)
     68280       3150       1112        224          0          0   ROM Totals

==============================================================================

    Total RO  Size (Code + RO Data)                69392 (  67.77kB)
    Total RW  Size (RW Data + ZI Data)             45336 (  44.27kB)
    Total ROM Size (Code + RO Data + RW Data)      69616 (  67.98kB)

==============================================================================

